Archive member included to satisfy reference by file (symbol)

C:\stm32cubeh7_v1-11-0\STM32Cube_FW_H7_V1.11.0\Drivers\CMSIS\DSP\Lib\GCC\libarm_cortexM7lfsp_math.a(arm_q31_to_float.o)
                              ./Core/Src/main.o (arm_q31_to_float)
C:\stm32cubeh7_v1-11-0\STM32Cube_FW_H7_V1.11.0\Drivers\CMSIS\DSP\Lib\GCC\libarm_cortexM7lfsp_math.a(arm_mean_f32.o)
                              ./Core/Src/main.o (arm_mean_f32)
C:\stm32cubeh7_v1-11-0\STM32Cube_FW_H7_V1.11.0\Drivers\CMSIS\DSP\Lib\GCC\libarm_cortexM7lfsp_math.a(arm_fir_init_f32.o)
                              ./Core/Src/main.o (arm_fir_init_f32)
C:\stm32cubeh7_v1-11-0\STM32Cube_FW_H7_V1.11.0\Drivers\CMSIS\DSP\Lib\GCC\libarm_cortexM7lfsp_math.a(arm_fir_f32.o)
                              ./Core/Src/main.o (arm_fir_f32)
C:\stm32cubeh7_v1-11-0\STM32Cube_FW_H7_V1.11.0\Drivers\CMSIS\DSP\Lib\GCC\libarm_cortexM7lfsp_math.a(arm_cmplx_mag_f32.o)
                              ./Core/Src/main.o (arm_cmplx_mag_f32)
C:/ST/STM32CubeIDE_1.13.2/STM32CubeIDE/plugins/com.st.stm32cube.ide.mcu.externaltools.gnu-tools-for-stm32.11.3.rel1.win32_1.1.1.202309131626/tools/bin/../lib/gcc/arm-none-eabi/11.3.1/../../../../arm-none-eabi/lib/thumb/v7e-m+dp/hard\libc_nano.a(libc_a-exit.o)
                              C:/ST/STM32CubeIDE_1.13.2/STM32CubeIDE/plugins/com.st.stm32cube.ide.mcu.externaltools.gnu-tools-for-stm32.11.3.rel1.win32_1.1.1.202309131626/tools/bin/../lib/gcc/arm-none-eabi/11.3.1/../../../../arm-none-eabi/lib/thumb/v7e-m+dp/hard/crt0.o (exit)
C:/ST/STM32CubeIDE_1.13.2/STM32CubeIDE/plugins/com.st.stm32cube.ide.mcu.externaltools.gnu-tools-for-stm32.11.3.rel1.win32_1.1.1.202309131626/tools/bin/../lib/gcc/arm-none-eabi/11.3.1/../../../../arm-none-eabi/lib/thumb/v7e-m+dp/hard\libc_nano.a(libc_a-findfp.o)
                              C:/ST/STM32CubeIDE_1.13.2/STM32CubeIDE/plugins/com.st.stm32cube.ide.mcu.externaltools.gnu-tools-for-stm32.11.3.rel1.win32_1.1.1.202309131626/tools/bin/../lib/gcc/arm-none-eabi/11.3.1/../../../../arm-none-eabi/lib/thumb/v7e-m+dp/hard\libc_nano.a(libc_a-exit.o) (__stdio_exit_handler)
C:/ST/STM32CubeIDE_1.13.2/STM32CubeIDE/plugins/com.st.stm32cube.ide.mcu.externaltools.gnu-tools-for-stm32.11.3.rel1.win32_1.1.1.202309131626/tools/bin/../lib/gcc/arm-none-eabi/11.3.1/../../../../arm-none-eabi/lib/thumb/v7e-m+dp/hard\libc_nano.a(libc_a-fwalk.o)
                              C:/ST/STM32CubeIDE_1.13.2/STM32CubeIDE/plugins/com.st.stm32cube.ide.mcu.externaltools.gnu-tools-for-stm32.11.3.rel1.win32_1.1.1.202309131626/tools/bin/../lib/gcc/arm-none-eabi/11.3.1/../../../../arm-none-eabi/lib/thumb/v7e-m+dp/hard\libc_nano.a(libc_a-findfp.o) (_fwalk_sglue)
C:/ST/STM32CubeIDE_1.13.2/STM32CubeIDE/plugins/com.st.stm32cube.ide.mcu.externaltools.gnu-tools-for-stm32.11.3.rel1.win32_1.1.1.202309131626/tools/bin/../lib/gcc/arm-none-eabi/11.3.1/../../../../arm-none-eabi/lib/thumb/v7e-m+dp/hard\libc_nano.a(libc_a-stdio.o)
                              C:/ST/STM32CubeIDE_1.13.2/STM32CubeIDE/plugins/com.st.stm32cube.ide.mcu.externaltools.gnu-tools-for-stm32.11.3.rel1.win32_1.1.1.202309131626/tools/bin/../lib/gcc/arm-none-eabi/11.3.1/../../../../arm-none-eabi/lib/thumb/v7e-m+dp/hard\libc_nano.a(libc_a-findfp.o) (__sread)
C:/ST/STM32CubeIDE_1.13.2/STM32CubeIDE/plugins/com.st.stm32cube.ide.mcu.externaltools.gnu-tools-for-stm32.11.3.rel1.win32_1.1.1.202309131626/tools/bin/../lib/gcc/arm-none-eabi/11.3.1/../../../../arm-none-eabi/lib/thumb/v7e-m+dp/hard\libc_nano.a(libc_a-memset.o)
                              C:/ST/STM32CubeIDE_1.13.2/STM32CubeIDE/plugins/com.st.stm32cube.ide.mcu.externaltools.gnu-tools-for-stm32.11.3.rel1.win32_1.1.1.202309131626/tools/bin/../lib/gcc/arm-none-eabi/11.3.1/../../../../arm-none-eabi/lib/thumb/v7e-m+dp/hard/crt0.o (memset)
C:/ST/STM32CubeIDE_1.13.2/STM32CubeIDE/plugins/com.st.stm32cube.ide.mcu.externaltools.gnu-tools-for-stm32.11.3.rel1.win32_1.1.1.202309131626/tools/bin/../lib/gcc/arm-none-eabi/11.3.1/../../../../arm-none-eabi/lib/thumb/v7e-m+dp/hard\libc_nano.a(libc_a-closer.o)
                              C:/ST/STM32CubeIDE_1.13.2/STM32CubeIDE/plugins/com.st.stm32cube.ide.mcu.externaltools.gnu-tools-for-stm32.11.3.rel1.win32_1.1.1.202309131626/tools/bin/../lib/gcc/arm-none-eabi/11.3.1/../../../../arm-none-eabi/lib/thumb/v7e-m+dp/hard\libc_nano.a(libc_a-stdio.o) (_close_r)
C:/ST/STM32CubeIDE_1.13.2/STM32CubeIDE/plugins/com.st.stm32cube.ide.mcu.externaltools.gnu-tools-for-stm32.11.3.rel1.win32_1.1.1.202309131626/tools/bin/../lib/gcc/arm-none-eabi/11.3.1/../../../../arm-none-eabi/lib/thumb/v7e-m+dp/hard\libc_nano.a(libc_a-reent.o)
                              C:/ST/STM32CubeIDE_1.13.2/STM32CubeIDE/plugins/com.st.stm32cube.ide.mcu.externaltools.gnu-tools-for-stm32.11.3.rel1.win32_1.1.1.202309131626/tools/bin/../lib/gcc/arm-none-eabi/11.3.1/../../../../arm-none-eabi/lib/thumb/v7e-m+dp/hard\libc_nano.a(libc_a-closer.o) (errno)
[...]
Memory Configuration

Name             Origin             Length             Attributes
FLASH            0x0000000008000000 0x0000000000200000 xr
RAM              0x0000000020000000 0x0000000000020000 xrw
RAM_D1           0x0000000024000000 0x0000000000080000 xrw
RAM_D2           0x0000000030000000 0x0000000000048000 xrw
RAM_D3           0x0000000038000000 0x0000000000010000 xrw
ITCMRAM          0x0000000000000000 0x0000000000010000 xrw
*default*        0x0000000000000000 0xffffffffffffffff

Linker script and memory map

LOAD C:/ST/STM32CubeIDE_1.13.2/STM32CubeIDE/plugins/com.st.stm32cube.ide.mcu.externaltools.gnu-tools-for-stm32.11.3.rel1.win32_1.1.1.202309131626/tools/bin/../lib/gcc/arm-none-eabi/11.3.1/thumb/v7e-m+dp/hard/crti.o
LOAD C:/ST/STM32CubeIDE_1.13.2/STM32CubeIDE/plugins/com.st.stm32cube.ide.mcu.externaltools.gnu-tools-for-stm32.11.3.rel1.win32_1.1.1.202309131626/tools/bin/../lib/gcc/arm-none-eabi/11.3.1/thumb/v7e-m+dp/hard/crtbegin.o
LOAD C:/ST/STM32CubeIDE_1.13.2/STM32CubeIDE/plugins/com.st.stm32cube.ide.mcu.externaltools.gnu-tools-for-stm32.11.3.rel1.win32_1.1.1.202309131626/tools/bin/../lib/gcc/arm-none-eabi/11.3.1/../../../../arm-none-eabi/lib/thumb/v7e-m+dp/hard/crt0.o
LOAD ./Core/Src/base64_encode.o
LOAD ./Core/Src/fftwindows.o
LOAD ./Core/Src/main.o
LOAD ./Core/Src/stm32h7xx_hal_msp.o
LOAD ./Core/Src/stm32h7xx_it.o
LOAD ./Core/Src/syscalls.o
LOAD ./Core/Src/sysmem.o
LOAD ./Core/Src/system_stm32h7xx.o
LOAD ./Core/Startup/startup_stm32h743zitx.o
LOAD ./Drivers/STM32H7xx_HAL_Driver/Src/stm32h7xx_hal.o
LOAD ./Drivers/STM32H7xx_HAL_Driver/Src/stm32h7xx_hal_adc.o
LOAD ./Drivers/STM32H7xx_HAL_Driver/Src/stm32h7xx_hal_adc_ex.o
LOAD ./Drivers/STM32H7xx_HAL_Driver/Src/stm32h7xx_hal_cortex.o
LOAD ./Drivers/STM32H7xx_HAL_Driver/Src/stm32h7xx_hal_dac.o
LOAD ./Drivers/STM32H7xx_HAL_Driver/Src/stm32h7xx_hal_dac_ex.o
LOAD ./Drivers/STM32H7xx_HAL_Driver/Src/stm32h7xx_hal_dfsdm.o
LOAD ./Drivers/STM32H7xx_HAL_Driver/Src/stm32h7xx_hal_dma.o
LOAD ./Drivers/STM32H7xx_HAL_Driver/Src/stm32h7xx_hal_dma_ex.o
LOAD ./Drivers/STM32H7xx_HAL_Driver/Src/stm32h7xx_hal_exti.o
LOAD ./Drivers/STM32H7xx_HAL_Driver/Src/stm32h7xx_hal_flash.o
LOAD ./Drivers/STM32H7xx_HAL_Driver/Src/stm32h7xx_hal_flash_ex.o
LOAD ./Drivers/STM32H7xx_HAL_Driver/Src/stm32h7xx_hal_gpio.o
LOAD ./Drivers/STM32H7xx_HAL_Driver/Src/stm32h7xx_hal_hsem.o
LOAD ./Drivers/STM32H7xx_HAL_Driver/Src/stm32h7xx_hal_i2c.o
LOAD ./Drivers/STM32H7xx_HAL_Driver/Src/stm32h7xx_hal_i2c_ex.o
LOAD ./Drivers/STM32H7xx_HAL_Driver/Src/stm32h7xx_hal_lptim.o
LOAD ./Drivers/STM32H7xx_HAL_Driver/Src/stm32h7xx_hal_mdma.o
LOAD ./Drivers/STM32H7xx_HAL_Driver/Src/stm32h7xx_hal_pwr.o
LOAD ./Drivers/STM32H7xx_HAL_Driver/Src/stm32h7xx_hal_pwr_ex.o
LOAD ./Drivers/STM32H7xx_HAL_Driver/Src/stm32h7xx_hal_rcc.o
LOAD ./Drivers/STM32H7xx_HAL_Driver/Src/stm32h7xx_hal_rcc_ex.o
LOAD ./Drivers/STM32H7xx_HAL_Driver/Src/stm32h7xx_hal_tim.o
LOAD ./Drivers/STM32H7xx_HAL_Driver/Src/stm32h7xx_hal_tim_ex.o
LOAD ./Drivers/STM32H7xx_HAL_Driver/Src/stm32h7xx_hal_uart.o
LOAD ./Drivers/STM32H7xx_HAL_Driver/Src/stm32h7xx_hal_uart_ex.o
LOAD C:\stm32cubeh7_v1-11-0\STM32Cube_FW_H7_V1.11.0\Drivers\CMSIS\DSP\Lib\GCC\libarm_cortexM7lfsp_math.a
START GROUP
LOAD C:/ST/STM32CubeIDE_1.13.2/STM32CubeIDE/plugins/com.st.stm32cube.ide.mcu.externaltools.gnu-tools-for-stm32.11.3.rel1.win32_1.1.1.202309131626/tools/bin/../lib/gcc/arm-none-eabi/11.3.1/../../../../arm-none-eabi/lib/thumb/v7e-m+dp/hard\libc_nano.a
LOAD C:/ST/STM32CubeIDE_1.13.2/STM32CubeIDE/plugins/com.st.stm32cube.ide.mcu.externaltools.gnu-tools-for-stm32.11.3.rel1.win32_1.1.1.202309131626/tools/bin/../lib/gcc/arm-none-eabi/11.3.1/../../../../arm-none-eabi/lib/thumb/v7e-m+dp/hard\libm.a
END GROUP
START GROUP
LOAD C:/ST/STM32CubeIDE_1.13.2/STM32CubeIDE/plugins/com.st.stm32cube.ide.mcu.externaltools.gnu-tools-for-stm32.11.3.rel1.win32_1.1.1.202309131626/tools/bin/../lib/gcc/arm-none-eabi/11.3.1/thumb/v7e-m+dp/hard\libgcc.a
LOAD C:/ST/STM32CubeIDE_1.13.2/STM32CubeIDE/plugins/com.st.stm32cube.ide.mcu.externaltools.gnu-tools-for-stm32.11.3.rel1.win32_1.1.1.202309131626/tools/bin/../lib/gcc/arm-none-eabi/11.3.1/../../../../arm-none-eabi/lib/thumb/v7e-m+dp/hard\libc_nano.a
END GROUP
START GROUP
LOAD C:/ST/STM32CubeIDE_1.13.2/STM32CubeIDE/plugins/com.st.stm32cube.ide.mcu.externaltools.gnu-tools-for-stm32.11.3.rel1.win32_1.1.1.202309131626/tools/bin/../lib/gcc/arm-none-eabi/11.3.1/thumb/v7e-m+dp/hard\libgcc.a
LOAD C:/ST/STM32CubeIDE_1.13.2/STM32CubeIDE/plugins/com.st.stm32cube.ide.mcu.externaltools.gnu-tools-for-stm32.11.3.rel1.win32_1.1.1.202309131626/tools/bin/../lib/gcc/arm-none-eabi/11.3.1/../../../../arm-none-eabi/lib/thumb/v7e-m+dp/hard\libc_nano.a
LOAD C:/ST/STM32CubeIDE_1.13.2/STM32CubeIDE/plugins/com.st.stm32cube.ide.mcu.externaltools.gnu-tools-for-stm32.11.3.rel1.win32_1.1.1.202309131626/tools/bin/../lib/gcc/arm-none-eabi/11.3.1/../../../../arm-none-eabi/lib/thumb/v7e-m+dp/hard\libnosys.a
END GROUP
START GROUP
LOAD C:/ST/STM32CubeIDE_1.13.2/STM32CubeIDE/plugins/com.st.stm32cube.ide.mcu.externaltools.gnu-tools-for-stm32.11.3.rel1.win32_1.1.1.202309131626/tools/bin/../lib/gcc/arm-none-eabi/11.3.1/thumb/v7e-m+dp/hard\libgcc.a
LOAD C:/ST/STM32CubeIDE_1.13.2/STM32CubeIDE/plugins/com.st.stm32cube.ide.mcu.externaltools.gnu-tools-for-stm32.11.3.rel1.win32_1.1.1.202309131626/tools/bin/../lib/gcc/arm-none-eabi/11.3.1/../../../../arm-none-eabi/lib/thumb/v7e-m+dp/hard\libc_nano.a
LOAD C:/ST/STM32CubeIDE_1.13.2/STM32CubeIDE/plugins/com.st.stm32cube.ide.mcu.externaltools.gnu-tools-for-stm32.11.3.rel1.win32_1.1.1.202309131626/tools/bin/../lib/gcc/arm-none-eabi/11.3.1/../../../../arm-none-eabi/lib/thumb/v7e-m+dp/hard\libnosys.a
END GROUP
LOAD C:/ST/STM32CubeIDE_1.13.2/STM32CubeIDE/plugins/com.st.stm32cube.ide.mcu.externaltools.gnu-tools-for-stm32.11.3.rel1.win32_1.1.1.202309131626/tools/bin/../lib/gcc/arm-none-eabi/11.3.1/thumb/v7e-m+dp/hard/crtend.o
LOAD C:/ST/STM32CubeIDE_1.13.2/STM32CubeIDE/plugins/com.st.stm32cube.ide.mcu.externaltools.gnu-tools-for-stm32.11.3.rel1.win32_1.1.1.202309131626/tools/bin/../lib/gcc/arm-none-eabi/11.3.1/thumb/v7e-m+dp/hard/crtn.o
                0x0000000020020000                _estack = 0x20020000
                0x0000000000000200                _Min_Heap_Size = 0x200
                0x0000000000000400                _Min_Stack_Size = 0x400

.isr_vector     0x0000000008000000      0x298
                0x0000000008000000                . = ALIGN (0x4)
 *(.isr_vector)
 .isr_vector    0x0000000008000000      0x298 ./Core/Startup/startup_stm32h743zitx.o
                0x0000000008000000                g_pfnVectors
                0x0000000008000298                . = ALIGN (0x4)

.text           0x0000000008000298     0x81f0
                0x0000000008000298                . = ALIGN (0x4)
 *(.text)
 .text          0x0000000008000298       0x40 C:/ST/STM32CubeIDE_1.13.2/STM32CubeIDE/plugins/com.st.stm32cube.ide.mcu.externaltools.gnu-tools-for-stm32.11.3.rel1.win32_1.1.1.202309131626/tools/bin/../lib/gcc/arm-none-eabi/11.3.1/thumb/v7e-m+dp/hard/crtbegin.o
 .text          0x00000000080002d8       0x30 C:/ST/STM32CubeIDE_1.13.2/STM32CubeIDE/plugins/com.st.stm32cube.ide.mcu.externaltools.gnu-tools-for-stm32.11.3.rel1.win32_1.1.1.202309131626/tools/bin/../lib/gcc/arm-none-eabi/11.3.1/thumb/v7e-m+dp/hard\libgcc.a(_aeabi_uldivmod.o)
                0x00000000080002d8                __aeabi_uldivmod
 .text          0x0000000008000308      0x2c8 C:/ST/STM32CubeIDE_1.13.2/STM32CubeIDE/plugins/com.st.stm32cube.ide.mcu.externaltools.gnu-tools-for-stm32.11.3.rel1.win32_1.1.1.202309131626/tools/bin/../lib/gcc/arm-none-eabi/11.3.1/thumb/v7e-m+dp/hard\libgcc.a(_udivmoddi4.o)
                0x0000000008000308                __udivmoddi4
 .text          0x00000000080005d0        0x4 C:/ST/STM32CubeIDE_1.13.2/STM32CubeIDE/plugins/com.st.stm32cube.ide.mcu.externaltools.gnu-tools-for-stm32.11.3.rel1.win32_1.1.1.202309131626/tools/bin/../lib/gcc/arm-none-eabi/11.3.1/thumb/v7e-m+dp/hard\libgcc.a(_dvmd_tls.o)
                0x00000000080005d0                __aeabi_idiv0
                0x00000000080005d0                __aeabi_ldiv0
 *(.text*)
 .text.SystemClock_Config
                0x00000000080005d4       0xb4 ./Core/Src/main.o
                0x00000000080005d4                SystemClock_Config
 .text.PeriphCommonClock_Config
                0x0000000008000688       0x58 ./Core/Src/main.o
                0x0000000008000688                PeriphCommonClock_Config
 .text.feedDFSDMinput
                0x00000000080006e0       0x7c ./Core/Src/main.o
                0x00000000080006e0                feedDFSDMinput
 *fill*         0x000000000800075c        0x4 
 .text.feedDACBuf
                0x0000000008000760      0x1a0 ./Core/Src/main.o
                0x0000000008000760                feedDACBuf
 .text.startup.main
                0x0000000008000900      0x81c ./Core/Src/main.o
                0x0000000008000900                main
 .text.HAL_ADC_ConvHalfCpltCallback
                0x000000000800111c        0xc ./Core/Src/main.o
                0x000000000800111c                HAL_ADC_ConvHalfCpltCallback
 .text.HAL_ADC_ConvCpltCallback
                0x0000000008001128        0xc ./Core/Src/main.o
                0x0000000008001128                HAL_ADC_ConvCpltCallback
 .text.HAL_ADC_ErrorCallback
                0x0000000008001134       0x24 ./Core/Src/main.o
                0x0000000008001134                HAL_ADC_ErrorCallback
 .text.HAL_DAC_ConvHalfCpltCallbackCh1
                0x0000000008001158        0xc ./Core/Src/main.o
                0x0000000008001158                HAL_DAC_ConvHalfCpltCallbackCh1
 .text.HAL_DAC_ConvCpltCallbackCh1
                0x0000000008001164        0xc ./Core/Src/main.o
                0x0000000008001164                HAL_DAC_ConvCpltCallbackCh1
 .text.HAL_DFSDM_FilterRegConvHalfCpltCallback
                0x0000000008001170       0x74 ./Core/Src/main.o
                0x0000000008001170                HAL_DFSDM_FilterRegConvHalfCpltCallback
 .text.HAL_DFSDM_FilterRegConvCpltCallback
                0x00000000080011e4       0x74 ./Core/Src/main.o
                0x00000000080011e4                HAL_DFSDM_FilterRegConvCpltCallback
 .text.HAL_UART_TxCpltCallback
                0x0000000008001258       0x18 ./Core/Src/main.o
                0x0000000008001258                HAL_UART_TxCpltCallback
 .text.Error_Handler
                0x0000000008001270        0x4 ./Core/Src/main.o
                0x0000000008001270                Error_Handler
 .text.HAL_MspInit
                0x0000000008001274       0x24 ./Core/Src/stm32h7xx_hal_msp.o
                0x0000000008001274                HAL_MspInit
 .text.HAL_ADC_MspInit
                0x0000000008001298       0xb8 ./Core/Src/stm32h7xx_hal_msp.o
                0x0000000008001298                HAL_ADC_MspInit
 .text.HAL_DAC_MspInit
                0x0000000008001350       0xbc ./Core/Src/stm32h7xx_hal_msp.o
                0x0000000008001350                HAL_DAC_MspInit
 .text.HAL_DFSDM_FilterMspInit
                0x000000000800140c      0x1f4 ./Core/Src/stm32h7xx_hal_msp.o
                0x000000000800140c                HAL_DFSDM_FilterMspInit
 .text.HAL_DFSDM_ChannelMspInit
                0x0000000008001600       0x6c ./Core/Src/stm32h7xx_hal_msp.o
                0x0000000008001600                HAL_DFSDM_ChannelMspInit
 *fill*         0x000000000800166c        0x4 
 .text.HAL_LPTIM_MspInit
                0x0000000008001670       0x7c ./Core/Src/stm32h7xx_hal_msp.o
                0x0000000008001670                HAL_LPTIM_MspInit
 .text.HAL_TIM_Base_MspInit
                0x00000000080016ec       0x34 ./Core/Src/stm32h7xx_hal_msp.o
                0x00000000080016ec                HAL_TIM_Base_MspInit
 .text.HAL_UART_MspInit
                0x0000000008001720       0xec ./Core/Src/stm32h7xx_hal_msp.o
                0x0000000008001720                HAL_UART_MspInit
 .text.NMI_Handler
                0x000000000800180c        0x4 ./Core/Src/stm32h7xx_it.o
                0x000000000800180c                NMI_Handler
 .text.HardFault_Handler
                0x0000000008001810        0x4 ./Core/Src/stm32h7xx_it.o
                0x0000000008001810                HardFault_Handler
 .text.MemManage_Handler
                0x0000000008001814        0x4 ./Core/Src/stm32h7xx_it.o
                0x0000000008001814                MemManage_Handler
 .text.BusFault_Handler
                0x0000000008001818        0x4 ./Core/Src/stm32h7xx_it.o
                0x0000000008001818                BusFault_Handler
 .text.UsageFault_Handler
                0x000000000800181c        0x4 ./Core/Src/stm32h7xx_it.o
                0x000000000800181c                UsageFault_Handler
 .text.SVC_Handler
                0x0000000008001820        0x4 ./Core/Src/stm32h7xx_it.o
                0x0000000008001820                SVC_Handler
 .text.DebugMon_Handler
                0x0000000008001824        0x4 ./Core/Src/stm32h7xx_it.o
                0x0000000008001824                DebugMon_Handler
 .text.PendSV_Handler
                0x0000000008001828        0x4 ./Core/Src/stm32h7xx_it.o
                0x0000000008001828                PendSV_Handler
 .text.SysTick_Handler
                0x000000000800182c        0x4 ./Core/Src/stm32h7xx_it.o
                0x000000000800182c                SysTick_Handler
 .text.DMA1_Stream0_IRQHandler
                0x0000000008001830        0xc ./Core/Src/stm32h7xx_it.o
                0x0000000008001830                DMA1_Stream0_IRQHandler
 .text.DMA1_Stream1_IRQHandler
                0x000000000800183c        0xc ./Core/Src/stm32h7xx_it.o
                0x000000000800183c                DMA1_Stream1_IRQHandler
 .text.DMA1_Stream2_IRQHandler
                0x0000000008001848        0xc ./Core/Src/stm32h7xx_it.o
                0x0000000008001848                DMA1_Stream2_IRQHandler
 .text.DMA1_Stream3_IRQHandler
                0x0000000008001854        0xc ./Core/Src/stm32h7xx_it.o
                0x0000000008001854                DMA1_Stream3_IRQHandler
 .text.DMA1_Stream4_IRQHandler
                0x0000000008001860        0xc ./Core/Src/stm32h7xx_it.o
                0x0000000008001860                DMA1_Stream4_IRQHandler
 .text.DMA1_Stream5_IRQHandler
                0x000000000800186c        0xc ./Core/Src/stm32h7xx_it.o
                0x000000000800186c                DMA1_Stream5_IRQHandler
 .text.DMA1_Stream6_IRQHandler
                0x0000000008001878        0xc ./Core/Src/stm32h7xx_it.o
                0x0000000008001878                DMA1_Stream6_IRQHandler
 .text.USART3_IRQHandler
                0x0000000008001884        0xc ./Core/Src/stm32h7xx_it.o
                0x0000000008001884                USART3_IRQHandler
 .text.SystemInit
                0x0000000008001890       0xd4 ./Core/Src/system_stm32h7xx.o
                0x0000000008001890                SystemInit
 .text.Reset_Handler
                0x0000000008001964       0x50 ./Core/Startup/startup_stm32h743zitx.o
                0x0000000008001964                Reset_Handler
 .text.Default_Handler
                0x00000000080019b4        0x2 ./Core/Startup/startup_stm32h743zitx.o
                0x00000000080019b4                RTC_Alarm_IRQHandler
                0x00000000080019b4                EXTI2_IRQHandler
                0x00000000080019b4                TIM8_CC_IRQHandler
                0x00000000080019b4                HRTIM1_Master_IRQHandler
                0x00000000080019b4                UART8_IRQHandler
                0x00000000080019b4                SPI4_IRQHandler
                0x00000000080019b4                TIM1_CC_IRQHandler
                0x00000000080019b4                BDMA_Channel6_IRQHandler
                0x00000000080019b4                DMA2_Stream5_IRQHandler
                0x00000000080019b4                HRTIM1_FLT_IRQHandler
                0x00000000080019b4                JPEG_IRQHandler
                0x00000000080019b4                BDMA_Channel1_IRQHandler
                0x00000000080019b4                HRTIM1_TIMD_IRQHandler
                0x00000000080019b4                TAMP_STAMP_IRQHandler
                0x00000000080019b4                EXTI3_IRQHandler
                0x00000000080019b4                LPTIM4_IRQHandler
                0x00000000080019b4                TIM8_TRG_COM_TIM14_IRQHandler
                0x00000000080019b4                LPTIM2_IRQHandler
                0x00000000080019b4                DFSDM1_FLT1_IRQHandler
                0x00000000080019b4                DMAMUX2_OVR_IRQHandler
                0x00000000080019b4                TIM8_UP_TIM13_IRQHandler
                0x00000000080019b4                I2C3_ER_IRQHandler
                0x00000000080019b4                DFSDM1_FLT2_IRQHandler
                0x00000000080019b4                MDMA_IRQHandler
                0x00000000080019b4                LPTIM3_IRQHandler
                0x00000000080019b4                HSEM1_IRQHandler
                0x00000000080019b4                EXTI0_IRQHandler
                0x00000000080019b4                I2C2_EV_IRQHandler
                0x00000000080019b4                FPU_IRQHandler
                0x00000000080019b4                OTG_HS_WKUP_IRQHandler
                0x00000000080019b4                FDCAN1_IT1_IRQHandler
                0x00000000080019b4                LTDC_ER_IRQHandler
                0x00000000080019b4                DMA2_Stream2_IRQHandler
                0x00000000080019b4                HRTIM1_TIME_IRQHandler
                0x00000000080019b4                SPI1_IRQHandler
                0x00000000080019b4                TIM6_DAC_IRQHandler
                0x00000000080019b4                DCMI_IRQHandler
                0x00000000080019b4                HRTIM1_TIMC_IRQHandler
                0x00000000080019b4                DMA2_Stream3_IRQHandler
                0x00000000080019b4                SAI2_IRQHandler
                0x00000000080019b4                DFSDM1_FLT3_IRQHandler
                0x00000000080019b4                USART6_IRQHandler
                0x00000000080019b4                TIM17_IRQHandler
                0x00000000080019b4                BDMA_Channel7_IRQHandler
                0x00000000080019b4                LPTIM5_IRQHandler
                0x00000000080019b4                UART5_IRQHandler
                0x00000000080019b4                ADC3_IRQHandler
                0x00000000080019b4                DMA2_Stream0_IRQHandler
                0x00000000080019b4                TIM4_IRQHandler
                0x00000000080019b4                BDMA_Channel2_IRQHandler
                0x00000000080019b4                QUADSPI_IRQHandler
                0x00000000080019b4                I2C1_EV_IRQHandler
                0x00000000080019b4                DMAMUX1_OVR_IRQHandler
                0x00000000080019b4                TIM16_IRQHandler
                0x00000000080019b4                UART4_IRQHandler
                0x00000000080019b4                BDMA_Channel5_IRQHandler
                0x00000000080019b4                TIM3_IRQHandler
                0x00000000080019b4                RCC_IRQHandler
                0x00000000080019b4                TIM8_BRK_TIM12_IRQHandler
                0x00000000080019b4                TIM1_TRG_COM_IRQHandler
                0x00000000080019b4                Default_Handler
                0x00000000080019b4                ECC_IRQHandler
                0x00000000080019b4                CEC_IRQHandler
                0x00000000080019b4                EXTI15_10_IRQHandler
                0x00000000080019b4                BDMA_Channel0_IRQHandler
                0x00000000080019b4                ADC_IRQHandler
                0x00000000080019b4                DMA1_Stream7_IRQHandler
                0x00000000080019b4                HRTIM1_TIMA_IRQHandler
                0x00000000080019b4                SPI5_IRQHandler
                0x00000000080019b4                TIM7_IRQHandler
                0x00000000080019b4                SDMMC1_IRQHandler
                0x00000000080019b4                TIM5_IRQHandler
                0x00000000080019b4                DMA2_Stream7_IRQHandler
                0x00000000080019b4                TIM15_IRQHandler
                0x00000000080019b4                PVD_AVD_IRQHandler
                0x00000000080019b4                I2C3_EV_IRQHandler
                0x00000000080019b4                EXTI9_5_IRQHandler
                0x00000000080019b4                RTC_WKUP_IRQHandler
                0x00000000080019b4                LTDC_IRQHandler
                0x00000000080019b4                SAI3_IRQHandler
                0x00000000080019b4                ETH_WKUP_IRQHandler
                0x00000000080019b4                SPDIF_RX_IRQHandler
                0x00000000080019b4                SPI2_IRQHandler
                0x00000000080019b4                OTG_HS_EP1_IN_IRQHandler
                0x00000000080019b4                CRS_IRQHandler
                0x00000000080019b4                EXTI4_IRQHandler
                0x00000000080019b4                RNG_IRQHandler
                0x00000000080019b4                HRTIM1_TIMB_IRQHandler
                0x00000000080019b4                FDCAN2_IT1_IRQHandler
                0x00000000080019b4                ETH_IRQHandler
                0x00000000080019b4                TIM1_UP_IRQHandler
                0x00000000080019b4                BDMA_Channel4_IRQHandler
                0x00000000080019b4                OTG_HS_EP1_OUT_IRQHandler
                0x00000000080019b4                WWDG_IRQHandler
                0x00000000080019b4                SPI6_IRQHandler
                0x00000000080019b4                MDIOS_IRQHandler
                0x00000000080019b4                I2C4_EV_IRQHandler
                0x00000000080019b4                FDCAN2_IT0_IRQHandler
                0x00000000080019b4                LPUART1_IRQHandler
                0x00000000080019b4                FDCAN1_IT0_IRQHandler
                0x00000000080019b4                TIM2_IRQHandler
                0x00000000080019b4                OTG_FS_WKUP_IRQHandler
                0x00000000080019b4                OTG_HS_IRQHandler
                0x00000000080019b4                DMA2D_IRQHandler
                0x00000000080019b4                TIM1_BRK_IRQHandler
                0x00000000080019b4                EXTI1_IRQHandler
                0x00000000080019b4                SDMMC2_IRQHandler
                0x00000000080019b4                OTG_FS_EP1_OUT_IRQHandler
                0x00000000080019b4                BDMA_Channel3_IRQHandler
                0x00000000080019b4                UART7_IRQHandler
                0x00000000080019b4                MDIOS_WKUP_IRQHandler
                0x00000000080019b4                USART2_IRQHandler
                0x00000000080019b4                DFSDM1_FLT0_IRQHandler
                0x00000000080019b4                SAI4_IRQHandler
                0x00000000080019b4                I2C2_ER_IRQHandler
                0x00000000080019b4                DMA2_Stream1_IRQHandler
                0x00000000080019b4                FLASH_IRQHandler
                0x00000000080019b4                DMA2_Stream4_IRQHandler
                0x00000000080019b4                USART1_IRQHandler
                0x00000000080019b4                OTG_FS_IRQHandler
                0x00000000080019b4                SPI3_IRQHandler
                0x00000000080019b4                WAKEUP_PIN_IRQHandler
                0x00000000080019b4                OTG_FS_EP1_IN_IRQHandler
                0x00000000080019b4                I2C1_ER_IRQHandler
                0x00000000080019b4                FMC_IRQHandler
                0x00000000080019b4                FDCAN_CAL_IRQHandler
                0x00000000080019b4                SWPMI1_IRQHandler
                0x00000000080019b4                COMP1_IRQHandler
                0x00000000080019b4                LPTIM1_IRQHandler
                0x00000000080019b4                I2C4_ER_IRQHandler
                0x00000000080019b4                DMA2_Stream6_IRQHandler
                0x00000000080019b4                SAI1_IRQHandler
 *fill*         0x00000000080019b6        0x2 
 .text.HAL_InitTick
                0x00000000080019b8       0x4c ./Drivers/STM32H7xx_HAL_Driver/Src/stm32h7xx_hal.o
                0x00000000080019b8                HAL_InitTick
 .text.HAL_Init
                0x0000000008001a04       0x60 ./Drivers/STM32H7xx_HAL_Driver/Src/stm32h7xx_hal.o
                0x0000000008001a04                HAL_Init
 .text.HAL_IncTick
                0x0000000008001a64       0x18 ./Drivers/STM32H7xx_HAL_Driver/Src/stm32h7xx_hal.o
                0x0000000008001a64                HAL_IncTick
 .text.HAL_GetTick
                0x0000000008001a7c        0xc ./Drivers/STM32H7xx_HAL_Driver/Src/stm32h7xx_hal.o
                0x0000000008001a7c                HAL_GetTick
 .text.HAL_Delay
                0x0000000008001a88       0x24 ./Drivers/STM32H7xx_HAL_Driver/Src/stm32h7xx_hal.o
                0x0000000008001a88                HAL_Delay
 .text.HAL_GetREVID
                0x0000000008001aac        0xc ./Drivers/STM32H7xx_HAL_Driver/Src/stm32h7xx_hal.o
                0x0000000008001aac                HAL_GetREVID
 .text.ADC_DMAHalfConvCplt
                0x0000000008001ab8        0xc ./Drivers/STM32H7xx_HAL_Driver/Src/stm32h7xx_hal_adc.o
                0x0000000008001ab8                ADC_DMAHalfConvCplt
 .text.ADC_DMAConvCplt
                0x0000000008001ac4       0x6c ./Drivers/STM32H7xx_HAL_Driver/Src/stm32h7xx_hal_adc.o
                0x0000000008001ac4                ADC_DMAConvCplt
 .text.ADC_DMAError
                0x0000000008001b30       0x1c ./Drivers/STM32H7xx_HAL_Driver/Src/stm32h7xx_hal_adc.o
                0x0000000008001b30                ADC_DMAError
 .text.HAL_ADC_ConfigChannel
                0x0000000008001b4c      0x450 ./Drivers/STM32H7xx_HAL_Driver/Src/stm32h7xx_hal_adc.o
                0x0000000008001b4c                HAL_ADC_ConfigChannel
 .text.ADC_Enable
                0x0000000008001f9c       0xac ./Drivers/STM32H7xx_HAL_Driver/Src/stm32h7xx_hal_adc.o
                0x0000000008001f9c                ADC_Enable
 .text.HAL_ADC_Start_DMA
                0x0000000008002048      0x11c ./Drivers/STM32H7xx_HAL_Driver/Src/stm32h7xx_hal_adc.o
                0x0000000008002048                HAL_ADC_Start_DMA
 .text.ADC_ConfigureBoostMode
                0x0000000008002164      0x17c ./Drivers/STM32H7xx_HAL_Driver/Src/stm32h7xx_hal_adc.o
                0x0000000008002164                ADC_ConfigureBoostMode
 .text.HAL_ADC_Init
                0x00000000080022e0      0x21c ./Drivers/STM32H7xx_HAL_Driver/Src/stm32h7xx_hal_adc.o
                0x00000000080022e0                HAL_ADC_Init
 .text.HAL_ADCEx_MultiModeConfigChannel
                0x00000000080024fc       0xd0 ./Drivers/STM32H7xx_HAL_Driver/Src/stm32h7xx_hal_adc_ex.o
                0x00000000080024fc                HAL_ADCEx_MultiModeConfigChannel
 .text.HAL_NVIC_SetPriorityGrouping
                0x00000000080025cc       0x24 ./Drivers/STM32H7xx_HAL_Driver/Src/stm32h7xx_hal_cortex.o
                0x00000000080025cc                HAL_NVIC_SetPriorityGrouping
 .text.HAL_NVIC_SetPriority
                0x00000000080025f0       0x7c ./Drivers/STM32H7xx_HAL_Driver/Src/stm32h7xx_hal_cortex.o
                0x00000000080025f0                HAL_NVIC_SetPriority
 .text.HAL_NVIC_EnableIRQ
                0x000000000800266c       0x1c ./Drivers/STM32H7xx_HAL_Driver/Src/stm32h7xx_hal_cortex.o
                0x000000000800266c                HAL_NVIC_EnableIRQ
 .text.HAL_SYSTICK_Config
                0x0000000008002688       0x2c ./Drivers/STM32H7xx_HAL_Driver/Src/stm32h7xx_hal_cortex.o
                0x0000000008002688                HAL_SYSTICK_Config
 .text.HAL_DAC_Init
                0x00000000080026b4       0x2c ./Drivers/STM32H7xx_HAL_Driver/Src/stm32h7xx_hal_dac.o
                0x00000000080026b4                HAL_DAC_Init
 .text.HAL_DAC_Start_DMA
                0x00000000080026e0      0x118 ./Drivers/STM32H7xx_HAL_Driver/Src/stm32h7xx_hal_dac.o
                0x00000000080026e0                HAL_DAC_Start_DMA
 .text.DAC_DMAConvCpltCh1
                0x00000000080027f8       0x10 ./Drivers/STM32H7xx_HAL_Driver/Src/stm32h7xx_hal_dac.o
                0x00000000080027f8                DAC_DMAConvCpltCh1
 .text.DAC_DMAHalfConvCpltCh1
                0x0000000008002808        0xc ./Drivers/STM32H7xx_HAL_Driver/Src/stm32h7xx_hal_dac.o
                0x0000000008002808                DAC_DMAHalfConvCpltCh1
 .text.HAL_DAC_ErrorCallbackCh1
                0x0000000008002814        0x4 ./Drivers/STM32H7xx_HAL_Driver/Src/stm32h7xx_hal_dac.o
                0x0000000008002814                HAL_DAC_ErrorCallbackCh1
 .text.DAC_DMAErrorCh1
                0x0000000008002818       0x18 ./Drivers/STM32H7xx_HAL_Driver/Src/stm32h7xx_hal_dac.o
                0x0000000008002818                DAC_DMAErrorCh1
 .text.HAL_DAC_ConfigChannel
                0x0000000008002830      0x158 ./Drivers/STM32H7xx_HAL_Driver/Src/stm32h7xx_hal_dac.o
                0x0000000008002830                HAL_DAC_ConfigChannel
 .text.HAL_DACEx_ConvCpltCallbackCh2
                0x0000000008002988        0x4 ./Drivers/STM32H7xx_HAL_Driver/Src/stm32h7xx_hal_dac_ex.o
                0x0000000008002988                HAL_DACEx_ConvCpltCallbackCh2
 .text.DAC_DMAConvCpltCh2
                0x000000000800298c       0x10 ./Drivers/STM32H7xx_HAL_Driver/Src/stm32h7xx_hal_dac_ex.o
                0x000000000800298c                DAC_DMAConvCpltCh2
 .text.HAL_DACEx_ConvHalfCpltCallbackCh2
                0x000000000800299c        0x4 ./Drivers/STM32H7xx_HAL_Driver/Src/stm32h7xx_hal_dac_ex.o
                0x000000000800299c                HAL_DACEx_ConvHalfCpltCallbackCh2
 .text.DAC_DMAHalfConvCpltCh2
                0x00000000080029a0        0xc ./Drivers/STM32H7xx_HAL_Driver/Src/stm32h7xx_hal_dac_ex.o
                0x00000000080029a0                DAC_DMAHalfConvCpltCh2
 .text.HAL_DACEx_ErrorCallbackCh2
                0x00000000080029ac        0x4 ./Drivers/STM32H7xx_HAL_Driver/Src/stm32h7xx_hal_dac_ex.o
                0x00000000080029ac                HAL_DACEx_ErrorCallbackCh2
 .text.DAC_DMAErrorCh2
                0x00000000080029b0       0x18 ./Drivers/STM32H7xx_HAL_Driver/Src/stm32h7xx_hal_dac_ex.o
                0x00000000080029b0                DAC_DMAErrorCh2
 .text.HAL_DFSDM_ChannelInit
                0x00000000080029c8      0x1a0 ./Drivers/STM32H7xx_HAL_Driver/Src/stm32h7xx_hal_dfsdm.o
                0x00000000080029c8                HAL_DFSDM_ChannelInit
 .text.HAL_DFSDM_FilterInit
                0x0000000008002b68       0xec ./Drivers/STM32H7xx_HAL_Driver/Src/stm32h7xx_hal_dfsdm.o
                0x0000000008002b68                HAL_DFSDM_FilterInit
 .text.HAL_DFSDM_FilterConfigRegChannel
                0x0000000008002c54       0x5c ./Drivers/STM32H7xx_HAL_Driver/Src/stm32h7xx_hal_dfsdm.o
                0x0000000008002c54                HAL_DFSDM_FilterConfigRegChannel
 .text.HAL_DFSDM_FilterRegularStart_DMA
                0x0000000008002cb0       0xf8 ./Drivers/STM32H7xx_HAL_Driver/Src/stm32h7xx_hal_dfsdm.o
                0x0000000008002cb0                HAL_DFSDM_FilterRegularStart_DMA
 .text.DFSDM_DMARegularConvCplt
                0x0000000008002da8        0xc ./Drivers/STM32H7xx_HAL_Driver/Src/stm32h7xx_hal_dfsdm.o
 .text.DFSDM_DMARegularHalfConvCplt
                0x0000000008002db4        0xc ./Drivers/STM32H7xx_HAL_Driver/Src/stm32h7xx_hal_dfsdm.o
 .text.HAL_DFSDM_FilterErrorCallback
                0x0000000008002dc0        0x4 ./Drivers/STM32H7xx_HAL_Driver/Src/stm32h7xx_hal_dfsdm.o
                0x0000000008002dc0                HAL_DFSDM_FilterErrorCallback
 .text.DFSDM_DMAError
                0x0000000008002dc4       0x10 ./Drivers/STM32H7xx_HAL_Driver/Src/stm32h7xx_hal_dfsdm.o
 .text.DMA_CalcBaseAndBitshift
                0x0000000008002dd4       0xf4 ./Drivers/STM32H7xx_HAL_Driver/Src/stm32h7xx_hal_dma.o
 .text.DMA_CalcDMAMUXChannelBaseAndMask
                0x0000000008002ec8       0xd0 ./Drivers/STM32H7xx_HAL_Driver/Src/stm32h7xx_hal_dma.o
 .text.HAL_DMA_Init
                0x0000000008002f98      0x53c ./Drivers/STM32H7xx_HAL_Driver/Src/stm32h7xx_hal_dma.o
                0x0000000008002f98                HAL_DMA_Init
 .text.HAL_DMA_Start_IT
                0x00000000080034d4      0x330 ./Drivers/STM32H7xx_HAL_Driver/Src/stm32h7xx_hal_dma.o
                0x00000000080034d4                HAL_DMA_Start_IT
 .text.HAL_DMA_Abort
                0x0000000008003804      0x2f0 ./Drivers/STM32H7xx_HAL_Driver/Src/stm32h7xx_hal_dma.o
                0x0000000008003804                HAL_DMA_Abort
 .text.HAL_DMA_Abort_IT
                0x0000000008003af4      0x194 ./Drivers/STM32H7xx_HAL_Driver/Src/stm32h7xx_hal_dma.o
                0x0000000008003af4                HAL_DMA_Abort_IT
 .text.HAL_DMA_IRQHandler
                0x0000000008003c88      0x69c ./Drivers/STM32H7xx_HAL_Driver/Src/stm32h7xx_hal_dma.o
                0x0000000008003c88                HAL_DMA_IRQHandler
 .text.HAL_GPIO_Init
                0x0000000008004324      0x264 ./Drivers/STM32H7xx_HAL_Driver/Src/stm32h7xx_hal_gpio.o
                0x0000000008004324                HAL_GPIO_Init
 .text.HAL_GPIO_WritePin
                0x0000000008004588        0x8 ./Drivers/STM32H7xx_HAL_Driver/Src/stm32h7xx_hal_gpio.o
                0x0000000008004588                HAL_GPIO_WritePin
 .text.HAL_GPIO_TogglePin
                0x0000000008004590       0x14 ./Drivers/STM32H7xx_HAL_Driver/Src/stm32h7xx_hal_gpio.o
                0x0000000008004590                HAL_GPIO_TogglePin
 .text.HAL_LPTIM_Init
                0x00000000080045a4       0xe4 ./Drivers/STM32H7xx_HAL_Driver/Src/stm32h7xx_hal_lptim.o
                0x00000000080045a4                HAL_LPTIM_Init
 .text.HAL_LPTIM_Counter_Start
                0x0000000008004688       0x7c ./Drivers/STM32H7xx_HAL_Driver/Src/stm32h7xx_hal_lptim.o
                0x0000000008004688                HAL_LPTIM_Counter_Start
 .text.HAL_PWREx_ConfigSupply
                0x0000000008004704       0x48 ./Drivers/STM32H7xx_HAL_Driver/Src/stm32h7xx_hal_pwr_ex.o
                0x0000000008004704                HAL_PWREx_ConfigSupply
 .text.HAL_RCC_GetSysClockFreq.part.0
                0x000000000800474c      0x10c ./Drivers/STM32H7xx_HAL_Driver/Src/stm32h7xx_hal_rcc.o
 .text.HAL_RCC_OscConfig
                0x0000000008004858      0x5e8 ./Drivers/STM32H7xx_HAL_Driver/Src/stm32h7xx_hal_rcc.o
                0x0000000008004858                HAL_RCC_OscConfig
 .text.HAL_RCC_GetSysClockFreq
                0x0000000008004e40      0x144 ./Drivers/STM32H7xx_HAL_Driver/Src/stm32h7xx_hal_rcc.o
                0x0000000008004e40                HAL_RCC_GetSysClockFreq
 .text.HAL_RCC_ClockConfig
                0x0000000008004f84      0x250 ./Drivers/STM32H7xx_HAL_Driver/Src/stm32h7xx_hal_rcc.o
                0x0000000008004f84                HAL_RCC_ClockConfig
 .text.HAL_RCC_GetHCLKFreq
                0x00000000080051d4       0x80 ./Drivers/STM32H7xx_HAL_Driver/Src/stm32h7xx_hal_rcc.o
                0x00000000080051d4                HAL_RCC_GetHCLKFreq
 .text.HAL_RCC_GetPCLK1Freq
                0x0000000008005254       0x90 ./Drivers/STM32H7xx_HAL_Driver/Src/stm32h7xx_hal_rcc.o
                0x0000000008005254                HAL_RCC_GetPCLK1Freq
 .text.HAL_RCC_GetPCLK2Freq
                0x00000000080052e4       0x90 ./Drivers/STM32H7xx_HAL_Driver/Src/stm32h7xx_hal_rcc.o
                0x00000000080052e4                HAL_RCC_GetPCLK2Freq
 .text.RCCEx_PLL2_Config
                0x0000000008005374       0xf4 ./Drivers/STM32H7xx_HAL_Driver/Src/stm32h7xx_hal_rcc_ex.o
 .text.RCCEx_PLL3_Config
                0x0000000008005468       0xf4 ./Drivers/STM32H7xx_HAL_Driver/Src/stm32h7xx_hal_rcc_ex.o
 .text.HAL_RCCEx_PeriphCLKConfig
                0x000000000800555c      0xc00 ./Drivers/STM32H7xx_HAL_Driver/Src/stm32h7xx_hal_rcc_ex.o
                0x000000000800555c                HAL_RCCEx_PeriphCLKConfig
 .text.HAL_RCCEx_GetD3PCLK1Freq
                0x000000000800615c       0x24 ./Drivers/STM32H7xx_HAL_Driver/Src/stm32h7xx_hal_rcc_ex.o
                0x000000000800615c                HAL_RCCEx_GetD3PCLK1Freq
 .text.HAL_RCCEx_GetPLL2ClockFreq
                0x0000000008006180      0x15c ./Drivers/STM32H7xx_HAL_Driver/Src/stm32h7xx_hal_rcc_ex.o
                0x0000000008006180                HAL_RCCEx_GetPLL2ClockFreq
 .text.HAL_RCCEx_GetPLL3ClockFreq
                0x00000000080062dc      0x15c ./Drivers/STM32H7xx_HAL_Driver/Src/stm32h7xx_hal_rcc_ex.o
                0x00000000080062dc                HAL_RCCEx_GetPLL3ClockFreq
 .text.HAL_RCCEx_GetPLL1ClockFreq
                0x0000000008006438      0x160 ./Drivers/STM32H7xx_HAL_Driver/Src/stm32h7xx_hal_rcc_ex.o
                0x0000000008006438                HAL_RCCEx_GetPLL1ClockFreq
 .text.HAL_RCCEx_GetPeriphCLKFreq
                0x0000000008006598      0x390 ./Drivers/STM32H7xx_HAL_Driver/Src/stm32h7xx_hal_rcc_ex.o
                0x0000000008006598                HAL_RCCEx_GetPeriphCLKFreq
 .text.HAL_TIM_Base_Init
                0x0000000008006928      0x16c ./Drivers/STM32H7xx_HAL_Driver/Src/stm32h7xx_hal_tim.o
                0x0000000008006928                HAL_TIM_Base_Init
 .text.HAL_TIM_Base_Start
                0x0000000008006a94       0xb0 ./Drivers/STM32H7xx_HAL_Driver/Src/stm32h7xx_hal_tim.o
                0x0000000008006a94                HAL_TIM_Base_Start
 .text.HAL_TIM_ConfigClockSource
                0x0000000008006b44      0x198 ./Drivers/STM32H7xx_HAL_Driver/Src/stm32h7xx_hal_tim.o
                0x0000000008006b44                HAL_TIM_ConfigClockSource
 .text.HAL_TIMEx_MasterConfigSynchronization
                0x0000000008006cdc       0xb4 ./Drivers/STM32H7xx_HAL_Driver/Src/stm32h7xx_hal_tim_ex.o
                0x0000000008006cdc                HAL_TIMEx_MasterConfigSynchronization
 .text.HAL_UART_ErrorCallback
                0x0000000008006d90        0x4 ./Drivers/STM32H7xx_HAL_Driver/Src/stm32h7xx_hal_uart.o
                0x0000000008006d90                HAL_UART_ErrorCallback
 .text.UART_DMAAbortOnError
                0x0000000008006d94       0x14 ./Drivers/STM32H7xx_HAL_Driver/Src/stm32h7xx_hal_uart.o
 .text.HAL_UARTEx_RxEventCallback
                0x0000000008006da8        0x4 ./Drivers/STM32H7xx_HAL_Driver/Src/stm32h7xx_hal_uart.o
                0x0000000008006da8                HAL_UARTEx_RxEventCallback
 .text.HAL_UART_IRQHandler
                0x0000000008006dac      0x380 ./Drivers/STM32H7xx_HAL_Driver/Src/stm32h7xx_hal_uart.o
                0x0000000008006dac                HAL_UART_IRQHandler
 .text.UART_SetConfig
                0x000000000800712c      0x534 ./Drivers/STM32H7xx_HAL_Driver/Src/stm32h7xx_hal_uart.o
                0x000000000800712c                UART_SetConfig
 .text.UART_AdvFeatureConfig
                0x0000000008007660       0xb0 ./Drivers/STM32H7xx_HAL_Driver/Src/stm32h7xx_hal_uart.o
                0x0000000008007660                UART_AdvFeatureConfig
 .text.UART_CheckIdleState
                0x0000000008007710      0x25c ./Drivers/STM32H7xx_HAL_Driver/Src/stm32h7xx_hal_uart.o
                0x0000000008007710                UART_CheckIdleState
 .text.HAL_UART_Init
                0x000000000800796c       0x68 ./Drivers/STM32H7xx_HAL_Driver/Src/stm32h7xx_hal_uart.o
                0x000000000800796c                HAL_UART_Init
 .text.HAL_UARTEx_WakeupCallback
                0x00000000080079d4        0x4 ./Drivers/STM32H7xx_HAL_Driver/Src/stm32h7xx_hal_uart_ex.o
                0x00000000080079d4                HAL_UARTEx_WakeupCallback
 .text.HAL_UARTEx_RxFifoFullCallback
                0x00000000080079d8        0x4 ./Drivers/STM32H7xx_HAL_Driver/Src/stm32h7xx_hal_uart_ex.o
                0x00000000080079d8                HAL_UARTEx_RxFifoFullCallback
 .text.HAL_UARTEx_TxFifoEmptyCallback
                0x00000000080079dc        0x4 ./Drivers/STM32H7xx_HAL_Driver/Src/stm32h7xx_hal_uart_ex.o
                0x00000000080079dc                HAL_UARTEx_TxFifoEmptyCallback
 .text.HAL_UARTEx_DisableFifoMode
                0x00000000080079e0       0x3c ./Drivers/STM32H7xx_HAL_Driver/Src/stm32h7xx_hal_uart_ex.o
                0x00000000080079e0                HAL_UARTEx_DisableFifoMode
 .text.HAL_UARTEx_SetTxFifoThreshold
                0x0000000008007a1c       0x84 ./Drivers/STM32H7xx_HAL_Driver/Src/stm32h7xx_hal_uart_ex.o
                0x0000000008007a1c                HAL_UARTEx_SetTxFifoThreshold
 .text.HAL_UARTEx_SetRxFifoThreshold
                0x0000000008007aa0       0x84 ./Drivers/STM32H7xx_HAL_Driver/Src/stm32h7xx_hal_uart_ex.o
                0x0000000008007aa0                HAL_UARTEx_SetRxFifoThreshold
 .text.arm_q31_to_float
                0x0000000008007b24       0xb0 C:\stm32cubeh7_v1-11-0\STM32Cube_FW_H7_V1.11.0\Drivers\CMSIS\DSP\Lib\GCC\libarm_cortexM7lfsp_math.a(arm_q31_to_float.o)
                0x0000000008007b24                arm_q31_to_float
 .text.arm_mean_f32
                0x0000000008007bd4       0x80 C:\stm32cubeh7_v1-11-0\STM32Cube_FW_H7_V1.11.0\Drivers\CMSIS\DSP\Lib\GCC\libarm_cortexM7lfsp_math.a(arm_mean_f32.o)
                0x0000000008007bd4                arm_mean_f32
 .text.arm_fir_init_f32
                0x0000000008007c54       0x24 C:\stm32cubeh7_v1-11-0\STM32Cube_FW_H7_V1.11.0\Drivers\CMSIS\DSP\Lib\GCC\libarm_cortexM7lfsp_math.a(arm_fir_init_f32.o)
                0x0000000008007c54                arm_fir_init_f32
 .text.arm_fir_f32
                0x0000000008007c78      0x508 C:\stm32cubeh7_v1-11-0\STM32Cube_FW_H7_V1.11.0\Drivers\CMSIS\DSP\Lib\GCC\libarm_cortexM7lfsp_math.a(arm_fir_f32.o)
                0x0000000008007c78                arm_fir_f32
 .text.arm_cmplx_mag_f32
                0x0000000008008180      0x248 C:\stm32cubeh7_v1-11-0\STM32Cube_FW_H7_V1.11.0\Drivers\CMSIS\DSP\Lib\GCC\libarm_cortexM7lfsp_math.a(arm_cmplx_mag_f32.o)
                0x0000000008008180                arm_cmplx_mag_f32
 .text.memset   0x00000000080083c8       0x10 C:/ST/STM32CubeIDE_1.13.2/STM32CubeIDE/plugins/com.st.stm32cube.ide.mcu.externaltools.gnu-tools-for-stm32.11.3.rel1.win32_1.1.1.202309131626/tools/bin/../lib/gcc/arm-none-eabi/11.3.1/../../../../arm-none-eabi/lib/thumb/v7e-m+dp/hard\libc_nano.a(libc_a-memset.o)
                0x00000000080083c8                memset
 .text.__errno  0x00000000080083d8        0xc C:/ST/STM32CubeIDE_1.13.2/STM32CubeIDE/plugins/com.st.stm32cube.ide.mcu.externaltools.gnu-tools-for-stm32.11.3.rel1.win32_1.1.1.202309131626/tools/bin/../lib/gcc/arm-none-eabi/11.3.1/../../../../arm-none-eabi/lib/thumb/v7e-m+dp/hard\libc_nano.a(libc_a-errno.o)
                0x00000000080083d8                __errno
 .text.__libc_init_array
                0x00000000080083e4       0x48 C:/ST/STM32CubeIDE_1.13.2/STM32CubeIDE/plugins/com.st.stm32cube.ide.mcu.externaltools.gnu-tools-for-stm32.11.3.rel1.win32_1.1.1.202309131626/tools/bin/../lib/gcc/arm-none-eabi/11.3.1/../../../../arm-none-eabi/lib/thumb/v7e-m+dp/hard\libc_nano.a(libc_a-init.o)
                0x00000000080083e4                __libc_init_array
 .text.sqrtf    0x000000000800842c       0x3c C:/ST/STM32CubeIDE_1.13.2/STM32CubeIDE/plugins/com.st.stm32cube.ide.mcu.externaltools.gnu-tools-for-stm32.11.3.rel1.win32_1.1.1.202309131626/tools/bin/../lib/gcc/arm-none-eabi/11.3.1/../../../../arm-none-eabi/lib/thumb/v7e-m+dp/hard\libm.a(libm_a-wf_sqrt.o)
                0x000000000800842c                sqrtf
 .text.__ieee754_sqrtf
                0x0000000008008468        0x6 C:/ST/STM32CubeIDE_1.13.2/STM32CubeIDE/plugins/com.st.stm32cube.ide.mcu.externaltools.gnu-tools-for-stm32.11.3.rel1.win32_1.1.1.202309131626/tools/bin/../lib/gcc/arm-none-eabi/11.3.1/../../../../arm-none-eabi/lib/thumb/v7e-m+dp/hard\libm.a(libm_a-ef_sqrt.o)
                0x0000000008008468                __ieee754_sqrtf
 *(.glue_7)
 .glue_7        0x000000000800846e        0x0 linker stubs
 *(.glue_7t)
 .glue_7t       0x000000000800846e        0x0 linker stubs
 *(.eh_frame)
 *fill*         0x000000000800846e        0x2 
 .eh_frame      0x0000000008008470        0x0 C:/ST/STM32CubeIDE_1.13.2/STM32CubeIDE/plugins/com.st.stm32cube.ide.mcu.externaltools.gnu-tools-for-stm32.11.3.rel1.win32_1.1.1.202309131626/tools/bin/../lib/gcc/arm-none-eabi/11.3.1/thumb/v7e-m+dp/hard/crtbegin.o
 *(.init)
 .init          0x0000000008008470        0x4 C:/ST/STM32CubeIDE_1.13.2/STM32CubeIDE/plugins/com.st.stm32cube.ide.mcu.externaltools.gnu-tools-for-stm32.11.3.rel1.win32_1.1.1.202309131626/tools/bin/../lib/gcc/arm-none-eabi/11.3.1/thumb/v7e-m+dp/hard/crti.o
                0x0000000008008470                _init
 .init          0x0000000008008474        0x8 C:/ST/STM32CubeIDE_1.13.2/STM32CubeIDE/plugins/com.st.stm32cube.ide.mcu.externaltools.gnu-tools-for-stm32.11.3.rel1.win32_1.1.1.202309131626/tools/bin/../lib/gcc/arm-none-eabi/11.3.1/thumb/v7e-m+dp/hard/crtn.o
 *(.fini)
 .fini          0x000000000800847c        0x4 C:/ST/STM32CubeIDE_1.13.2/STM32CubeIDE/plugins/com.st.stm32cube.ide.mcu.externaltools.gnu-tools-for-stm32.11.3.rel1.win32_1.1.1.202309131626/tools/bin/../lib/gcc/arm-none-eabi/11.3.1/thumb/v7e-m+dp/hard/crti.o
                0x000000000800847c                _fini
 .fini          0x0000000008008480        0x8 C:/ST/STM32CubeIDE_1.13.2/STM32CubeIDE/plugins/com.st.stm32cube.ide.mcu.externaltools.gnu-tools-for-stm32.11.3.rel1.win32_1.1.1.202309131626/tools/bin/../lib/gcc/arm-none-eabi/11.3.1/thumb/v7e-m+dp/hard/crtn.o
                0x0000000008008488                . = ALIGN (0x4)
                0x0000000008008488                _etext = .

.vfp11_veneer   0x0000000008008488        0x0
 .vfp11_veneer  0x0000000008008488        0x0 linker stubs

.v4_bx          0x0000000008008488        0x0
 .v4_bx         0x0000000008008488        0x0 linker stubs

.iplt           0x0000000008008488        0x0
 .iplt          0x0000000008008488        0x0 C:/ST/STM32CubeIDE_1.13.2/STM32CubeIDE/plugins/com.st.stm32cube.ide.mcu.externaltools.gnu-tools-for-stm32.11.3.rel1.win32_1.1.1.202309131626/tools/bin/../lib/gcc/arm-none-eabi/11.3.1/thumb/v7e-m+dp/hard/crtbegin.o

.rodata         0x0000000008008488       0x90
                0x0000000008008488                . = ALIGN (0x4)
 *(.rodata)
 *(.rodata*)
 .rodata.main.str1.4
                0x0000000008008488       0x13 ./Core/Src/main.o
 *fill*         0x000000000800849b        0x1 
 .rodata.D1CorePrescTable
                0x000000000800849c       0x10 ./Core/Src/system_stm32h7xx.o
                0x000000000800849c                D1CorePrescTable
 .rodata.flagBitshiftOffset.0
                0x00000000080084ac        0x8 ./Drivers/STM32H7xx_HAL_Driver/Src/stm32h7xx_hal_dma.o
 .rodata.CSWTCH.61
                0x00000000080084b4       0x29 ./Drivers/STM32H7xx_HAL_Driver/Src/stm32h7xx_hal_uart.o
 *fill*         0x00000000080084dd        0x3 
 .rodata.CSWTCH.62
                0x00000000080084e0        0x6 ./Drivers/STM32H7xx_HAL_Driver/Src/stm32h7xx_hal_uart.o
 *fill*         0x00000000080084e6        0x2 
 .rodata.CSWTCH.69
                0x00000000080084e8        0x6 ./Drivers/STM32H7xx_HAL_Driver/Src/stm32h7xx_hal_uart.o
 *fill*         0x00000000080084ee        0x2 
 .rodata.UARTPrescTable
                0x00000000080084f0       0x18 ./Drivers/STM32H7xx_HAL_Driver/Src/stm32h7xx_hal_uart.o
                0x00000000080084f0                UARTPrescTable
 .rodata.denominator.0
                0x0000000008008508        0x8 ./Drivers/STM32H7xx_HAL_Driver/Src/stm32h7xx_hal_uart_ex.o
 .rodata.numerator.1
                0x0000000008008510        0x8 ./Drivers/STM32H7xx_HAL_Driver/Src/stm32h7xx_hal_uart_ex.o
                0x0000000008008518                . = ALIGN (0x4)

.ARM.extab
 *(.ARM.extab* .gnu.linkonce.armextab.*)

.ARM            0x0000000008008518        0x8
                0x0000000008008518                __exidx_start = .
 *(.ARM.exidx*)
 .ARM.exidx     0x0000000008008518        0x8 C:/ST/STM32CubeIDE_1.13.2/STM32CubeIDE/plugins/com.st.stm32cube.ide.mcu.externaltools.gnu-tools-for-stm32.11.3.rel1.win32_1.1.1.202309131626/tools/bin/../lib/gcc/arm-none-eabi/11.3.1/thumb/v7e-m+dp/hard\libgcc.a(_udivmoddi4.o)
                0x0000000008008520                __exidx_end = .

.rel.dyn        0x0000000008008520        0x0
 .rel.iplt      0x0000000008008520        0x0 C:/ST/STM32CubeIDE_1.13.2/STM32CubeIDE/plugins/com.st.stm32cube.ide.mcu.externaltools.gnu-tools-for-stm32.11.3.rel1.win32_1.1.1.202309131626/tools/bin/../lib/gcc/arm-none-eabi/11.3.1/thumb/v7e-m+dp/hard/crtbegin.o

.preinit_array  0x0000000008008520        0x0
                0x0000000008008520                PROVIDE (__preinit_array_start = .)
 *(.preinit_array*)
                0x0000000008008520                PROVIDE (__preinit_array_end = .)

.init_array     0x0000000008008520        0x4
                0x0000000008008520                PROVIDE (__init_array_start = .)
 *(SORT_BY_NAME(.init_array.*))
 *(.init_array*)
 .init_array    0x0000000008008520        0x4 C:/ST/STM32CubeIDE_1.13.2/STM32CubeIDE/plugins/com.st.stm32cube.ide.mcu.externaltools.gnu-tools-for-stm32.11.3.rel1.win32_1.1.1.202309131626/tools/bin/../lib/gcc/arm-none-eabi/11.3.1/thumb/v7e-m+dp/hard/crtbegin.o
                0x0000000008008524                PROVIDE (__init_array_end = .)

.fini_array     0x0000000008008524        0x4
                [!provide]                        PROVIDE (__fini_array_start = .)
 *(SORT_BY_NAME(.fini_array.*))
 *(.fini_array*)
 .fini_array    0x0000000008008524        0x4 C:/ST/STM32CubeIDE_1.13.2/STM32CubeIDE/plugins/com.st.stm32cube.ide.mcu.externaltools.gnu-tools-for-stm32.11.3.rel1.win32_1.1.1.202309131626/tools/bin/../lib/gcc/arm-none-eabi/11.3.1/thumb/v7e-m+dp/hard/crtbegin.o
                [!provide]                        PROVIDE (__fini_array_end = .)
                0x0000000008008528                _sidata = LOADADDR (.data)

.data           0x0000000020000000      0x1c4 load address 0x0000000008008528
                0x0000000020000000                . = ALIGN (0x4)
                0x0000000020000000                _sdata = .
 *(.data)
 *(.data*)
 .data.DFSDM_CH0DATINR
                0x0000000020000000        0x4 ./Core/Src/main.o
                0x0000000020000000                DFSDM_CH0DATINR
 .data.DFSDM_CH2DATINR
                0x0000000020000004        0x4 ./Core/Src/main.o
                0x0000000020000004                DFSDM_CH2DATINR
 .data.adcBufDMAState
                0x0000000020000008        0x1 ./Core/Src/main.o
                0x0000000020000008                adcBufDMAState
 *fill*         0x0000000020000009        0x3 
 .data.cic_compensation_fir_coeff
                0x000000002000000c      0x144 ./Core/Src/main.o
                0x000000002000000c                cic_compensation_fir_coeff
 .data.dacBufDMAState
                0x0000000020000150        0x1 ./Core/Src/main.o
                0x0000000020000150                dacBufDMAState
 *fill*         0x0000000020000151        0x1 
 .data.dac_gain
                0x0000000020000152        0x2 ./Core/Src/main.o
                0x0000000020000152                dac_gain
 .data.fgmean   0x0000000020000154        0x4 ./Core/Src/main.o
                0x0000000020000154                fgmean
 .data.filter0BufDMAState
                0x0000000020000158        0x1 ./Core/Src/main.o
                0x0000000020000158                filter0BufDMAState
 .data.filter1BufDMAState
                0x0000000020000159        0x1 ./Core/Src/main.o
                0x0000000020000159                filter1BufDMAState
 .data.filter2BufDMAState
                0x000000002000015a        0x1 ./Core/Src/main.o
                0x000000002000015a                filter2BufDMAState
 .data.filter3BufDMAState
                0x000000002000015b        0x1 ./Core/Src/main.o
                0x000000002000015b                filter3BufDMAState
 .data.gMean    0x000000002000015c        0x4 ./Core/Src/main.o
                0x000000002000015c                gMean
 .data.txBufDMAState
                0x0000000020000160        0x1 ./Core/Src/main.o
                0x0000000020000160                txBufDMAState
 *fill*         0x0000000020000161        0x3 
 .data.SystemCoreClock
                0x0000000020000164        0x4 ./Core/Src/system_stm32h7xx.o
                0x0000000020000164                SystemCoreClock
 .data.SystemD2Clock
                0x0000000020000168        0x4 ./Core/Src/system_stm32h7xx.o
                0x0000000020000168                SystemD2Clock
 .data.uwTickFreq
                0x000000002000016c        0x1 ./Drivers/STM32H7xx_HAL_Driver/Src/stm32h7xx_hal.o
                0x000000002000016c                uwTickFreq
 *fill*         0x000000002000016d        0x3 
 .data.uwTickPrio
                0x0000000020000170        0x4 ./Drivers/STM32H7xx_HAL_Driver/Src/stm32h7xx_hal.o
                0x0000000020000170                uwTickPrio
 .data._impure_data
                0x0000000020000174       0x4c C:/ST/STM32CubeIDE_1.13.2/STM32CubeIDE/plugins/com.st.stm32cube.ide.mcu.externaltools.gnu-tools-for-stm32.11.3.rel1.win32_1.1.1.202309131626/tools/bin/../lib/gcc/arm-none-eabi/11.3.1/../../../../arm-none-eabi/lib/thumb/v7e-m+dp/hard\libc_nano.a(libc_a-impure.o)
                0x0000000020000174                _impure_data
 .data._impure_ptr
                0x00000000200001c0        0x4 C:/ST/STM32CubeIDE_1.13.2/STM32CubeIDE/plugins/com.st.stm32cube.ide.mcu.externaltools.gnu-tools-for-stm32.11.3.rel1.win32_1.1.1.202309131626/tools/bin/../lib/gcc/arm-none-eabi/11.3.1/../../../../arm-none-eabi/lib/thumb/v7e-m+dp/hard\libc_nano.a(libc_a-impure.o)
                0x00000000200001c0                _impure_ptr
 *(.RamFunc)
 *(.RamFunc*)
                0x00000000200001c4                . = ALIGN (0x4)
                0x00000000200001c4                _edata = .

.igot.plt       0x00000000200001c4        0x0 load address 0x00000000080086ec
 .igot.plt      0x00000000200001c4        0x0 C:/ST/STM32CubeIDE_1.13.2/STM32CubeIDE/plugins/com.st.stm32cube.ide.mcu.externaltools.gnu-tools-for-stm32.11.3.rel1.win32_1.1.1.202309131626/tools/bin/../lib/gcc/arm-none-eabi/11.3.1/thumb/v7e-m+dp/hard/crtbegin.o
                0x00000000200001c4                . = ALIGN (0x4)

.bss            0x00000000200001c4      0x8bc load address 0x00000000080086ec
                0x00000000200001c4                _sbss = .
                0x00000000200001c4                __bss_start__ = _sbss
 *(.bss)
 .bss           0x00000000200001c4       0x1c C:/ST/STM32CubeIDE_1.13.2/STM32CubeIDE/plugins/com.st.stm32cube.ide.mcu.externaltools.gnu-tools-for-stm32.11.3.rel1.win32_1.1.1.202309131626/tools/bin/../lib/gcc/arm-none-eabi/11.3.1/thumb/v7e-m+dp/hard/crtbegin.o
 *(.bss*)
 .bss.curTick   0x00000000200001e0        0x4 ./Core/Src/main.o
                0x00000000200001e0                curTick
 .bss.dacDMAInitialized
                0x00000000200001e4        0x1 ./Core/Src/main.o
                0x00000000200001e4                dacDMAInitialized
 *fill*         0x00000000200001e5        0x3 
 .bss.dfsdm_chydatinr
                0x00000000200001e8        0x4 ./Core/Src/main.o
                0x00000000200001e8                dfsdm_chydatinr
 .bss.err_File  0x00000000200001ec        0x4 ./Core/Src/main.o
                0x00000000200001ec                err_File
 .bss.err_Line  0x00000000200001f0        0x4 ./Core/Src/main.o
                0x00000000200001f0                err_Line
 .bss.fir_instance
                0x00000000200001f4        0xc ./Core/Src/main.o
                0x00000000200001f4                fir_instance
 .bss.hadc1     0x0000000020000200       0x64 ./Core/Src/main.o
                0x0000000020000200                hadc1
 .bss.hdac1     0x0000000020000264       0x14 ./Core/Src/main.o
                0x0000000020000264                hdac1
 .bss.hdfsdm1_channel0
                0x0000000020000278       0x38 ./Core/Src/main.o
                0x0000000020000278                hdfsdm1_channel0
 .bss.hdfsdm1_channel1
                0x00000000200002b0       0x38 ./Core/Src/main.o
                0x00000000200002b0                hdfsdm1_channel1
 .bss.hdfsdm1_channel2
                0x00000000200002e8       0x38 ./Core/Src/main.o
                0x00000000200002e8                hdfsdm1_channel2
 .bss.hdfsdm1_channel3
                0x0000000020000320       0x38 ./Core/Src/main.o
                0x0000000020000320                hdfsdm1_channel3
 .bss.hdfsdm1_filter0
                0x0000000020000358       0x54 ./Core/Src/main.o
                0x0000000020000358                hdfsdm1_filter0
 .bss.hdfsdm1_filter1
                0x00000000200003ac       0x54 ./Core/Src/main.o
                0x00000000200003ac                hdfsdm1_filter1
 .bss.hdfsdm1_filter2
                0x0000000020000400       0x54 ./Core/Src/main.o
                0x0000000020000400                hdfsdm1_filter2
 .bss.hdfsdm1_filter3
                0x0000000020000454       0x54 ./Core/Src/main.o
                0x0000000020000454                hdfsdm1_filter3
 .bss.hdma_adc1
                0x00000000200004a8       0x78 ./Core/Src/main.o
                0x00000000200004a8                hdma_adc1
 .bss.hdma_dac1_ch1
                0x0000000020000520       0x78 ./Core/Src/main.o
                0x0000000020000520                hdma_dac1_ch1
 .bss.hdma_dfsdm1_flt0
                0x0000000020000598       0x78 ./Core/Src/main.o
                0x0000000020000598                hdma_dfsdm1_flt0
 .bss.hdma_dfsdm1_flt1
                0x0000000020000610       0x78 ./Core/Src/main.o
                0x0000000020000610                hdma_dfsdm1_flt1
 .bss.hdma_dfsdm1_flt2
                0x0000000020000688       0x78 ./Core/Src/main.o
                0x0000000020000688                hdma_dfsdm1_flt2
 .bss.hdma_dfsdm1_flt3
                0x0000000020000700       0x78 ./Core/Src/main.o
                0x0000000020000700                hdma_dfsdm1_flt3
 .bss.hdma_usart3_tx
                0x0000000020000778       0x78 ./Core/Src/main.o
                0x0000000020000778                hdma_usart3_tx
 .bss.hlptim1   0x00000000200007f0       0x38 ./Core/Src/main.o
                0x00000000200007f0                hlptim1
 .bss.htim1     0x0000000020000828       0x4c ./Core/Src/main.o
                0x0000000020000828                htim1
 .bss.huart3    0x0000000020000874       0x94 ./Core/Src/main.o
                0x0000000020000874                huart3
 .bss.lastTick  0x0000000020000908        0x4 ./Core/Src/main.o
                0x0000000020000908                lastTick
 .bss.meanI.2   0x000000002000090c        0x4 ./Core/Src/main.o
 .bss.meanMag.0
                0x0000000020000910        0x4 ./Core/Src/main.o
 .bss.meanQ.1   0x0000000020000914        0x4 ./Core/Src/main.o
 .bss.DFSDM1_Init
                0x0000000020000918        0x4 ./Core/Src/stm32h7xx_hal_msp.o
 .bss.HAL_RCC_DFSDM1_CLK_ENABLED
                0x000000002000091c        0x4 ./Core/Src/stm32h7xx_hal_msp.o
 .bss.uwTick    0x0000000020000920        0x4 ./Drivers/STM32H7xx_HAL_Driver/Src/stm32h7xx_hal.o
                0x0000000020000920                uwTick
 .bss.a_dfsdm1ChannelHandle
                0x0000000020000924       0x20 ./Drivers/STM32H7xx_HAL_Driver/Src/stm32h7xx_hal_dfsdm.o
 .bss.v_dfsdm1ChannelCounter
                0x0000000020000944        0x4 ./Drivers/STM32H7xx_HAL_Driver/Src/stm32h7xx_hal_dfsdm.o
 .bss.__sf      0x0000000020000948      0x138 C:/ST/STM32CubeIDE_1.13.2/STM32CubeIDE/plugins/com.st.stm32cube.ide.mcu.externaltools.gnu-tools-for-stm32.11.3.rel1.win32_1.1.1.202309131626/tools/bin/../lib/gcc/arm-none-eabi/11.3.1/../../../../arm-none-eabi/lib/thumb/v7e-m+dp/hard\libc_nano.a(libc_a-findfp.o)
                0x0000000020000948                __sf
 *(COMMON)
                0x0000000020000a80                . = ALIGN (0x4)
                0x0000000020000a80                _ebss = .
                0x0000000020000a80                __bss_end__ = _ebss

._user_heap_stack
                0x0000000020000a80      0x600 load address 0x00000000080086ec
                0x0000000020000a80                . = ALIGN (0x8)
                [!provide]                        PROVIDE (end = .)
                0x0000000020000a80                PROVIDE (_end = .)
                0x0000000020000c80                . = (. + _Min_Heap_Size)
 *fill*         0x0000000020000a80      0x200 
                0x0000000020001080                . = (. + _Min_Stack_Size)
 *fill*         0x0000000020000c80      0x400 
                0x0000000020001080                . = ALIGN (0x8)

.ram_sdr        0x0000000030000000     0x6440
 *(.ram_sdr*)
 .ram_sdr.ADCBUF
                0x0000000030000000     0x6440 ./Core/Src/main.o

/DISCARD/
 libc.a(*)
 libm.a(*)
 libgcc.a(*)

.ARM.attributes
                0x0000000000000000       0x2e
 *(.ARM.attributes)
 .ARM.attributes
                0x0000000000000000       0x1e C:/ST/STM32CubeIDE_1.13.2/STM32CubeIDE/plugins/com.st.stm32cube.ide.mcu.externaltools.gnu-tools-for-stm32.11.3.rel1.win32_1.1.1.202309131626/tools/bin/../lib/gcc/arm-none-eabi/11.3.1/thumb/v7e-m+dp/hard/crti.o
 .ARM.attributes
                0x000000000000001e       0x32 C:/ST/STM32CubeIDE_1.13.2/STM32CubeIDE/plugins/com.st.stm32cube.ide.mcu.externaltools.gnu-tools-for-stm32.11.3.rel1.win32_1.1.1.202309131626/tools/bin/../lib/gcc/arm-none-eabi/11.3.1/thumb/v7e-m+dp/hard/crtbegin.o
 .ARM.attributes
                0x0000000000000050       0x2e ./Core/Src/main.o
 .ARM.attributes
                0x000000000000007e       0x2e ./Core/Src/stm32h7xx_hal_msp.o
 .ARM.attributes
                0x00000000000000ac       0x2e ./Core/Src/stm32h7xx_it.o
 .ARM.attributes
                0x00000000000000da       0x2e ./Core/Src/system_stm32h7xx.o
 .ARM.attributes
                0x0000000000000108       0x21 ./Core/Startup/startup_stm32h743zitx.o
 .ARM.attributes
                0x0000000000000129       0x2e ./Drivers/STM32H7xx_HAL_Driver/Src/stm32h7xx_hal.o
 .ARM.attributes
                0x0000000000000157       0x2e ./Drivers/STM32H7xx_HAL_Driver/Src/stm32h7xx_hal_adc.o
 .ARM.attributes
                0x0000000000000185       0x2e ./Drivers/STM32H7xx_HAL_Driver/Src/stm32h7xx_hal_adc_ex.o
 .ARM.attributes
                0x00000000000001b3       0x2e ./Drivers/STM32H7xx_HAL_Driver/Src/stm32h7xx_hal_cortex.o
 .ARM.attributes
                0x00000000000001e1       0x2e ./Drivers/STM32H7xx_HAL_Driver/Src/stm32h7xx_hal_dac.o
 .ARM.attributes
                0x000000000000020f       0x2e ./Drivers/STM32H7xx_HAL_Driver/Src/stm32h7xx_hal_dac_ex.o
 .ARM.attributes
                0x000000000000023d       0x2e ./Drivers/STM32H7xx_HAL_Driver/Src/stm32h7xx_hal_dfsdm.o
 .ARM.attributes
                0x000000000000026b       0x2e ./Drivers/STM32H7xx_HAL_Driver/Src/stm32h7xx_hal_dma.o
 .ARM.attributes
                0x0000000000000299       0x2e ./Drivers/STM32H7xx_HAL_Driver/Src/stm32h7xx_hal_gpio.o
 .ARM.attributes
                0x00000000000002c7       0x2e ./Drivers/STM32H7xx_HAL_Driver/Src/stm32h7xx_hal_lptim.o
 .ARM.attributes
                0x00000000000002f5       0x2e ./Drivers/STM32H7xx_HAL_Driver/Src/stm32h7xx_hal_pwr_ex.o
 .ARM.attributes
                0x0000000000000323       0x2e ./Drivers/STM32H7xx_HAL_Driver/Src/stm32h7xx_hal_rcc.o
 .ARM.attributes
                0x0000000000000351       0x2e ./Drivers/STM32H7xx_HAL_Driver/Src/stm32h7xx_hal_rcc_ex.o
 .ARM.attributes
                0x000000000000037f       0x2e ./Drivers/STM32H7xx_HAL_Driver/Src/stm32h7xx_hal_tim.o
 .ARM.attributes
                0x00000000000003ad       0x2e ./Drivers/STM32H7xx_HAL_Driver/Src/stm32h7xx_hal_tim_ex.o
 .ARM.attributes
                0x00000000000003db       0x2e ./Drivers/STM32H7xx_HAL_Driver/Src/stm32h7xx_hal_uart.o
 .ARM.attributes
                0x0000000000000409       0x2e ./Drivers/STM32H7xx_HAL_Driver/Src/stm32h7xx_hal_uart_ex.o
 .ARM.attributes
                0x0000000000000437       0x34 C:\stm32cubeh7_v1-11-0\STM32Cube_FW_H7_V1.11.0\Drivers\CMSIS\DSP\Lib\GCC\libarm_cortexM7lfsp_math.a(arm_q31_to_float.o)
 .ARM.attributes
                0x000000000000046b       0x34 C:\stm32cubeh7_v1-11-0\STM32Cube_FW_H7_V1.11.0\Drivers\CMSIS\DSP\Lib\GCC\libarm_cortexM7lfsp_math.a(arm_mean_f32.o)
 .ARM.attributes
                0x000000000000049f       0x34 C:\stm32cubeh7_v1-11-0\STM32Cube_FW_H7_V1.11.0\Drivers\CMSIS\DSP\Lib\GCC\libarm_cortexM7lfsp_math.a(arm_fir_init_f32.o)
 .ARM.attributes
                0x00000000000004d3       0x34 C:\stm32cubeh7_v1-11-0\STM32Cube_FW_H7_V1.11.0\Drivers\CMSIS\DSP\Lib\GCC\libarm_cortexM7lfsp_math.a(arm_fir_f32.o)
 .ARM.attributes
                0x0000000000000507       0x34 C:\stm32cubeh7_v1-11-0\STM32Cube_FW_H7_V1.11.0\Drivers\CMSIS\DSP\Lib\GCC\libarm_cortexM7lfsp_math.a(arm_cmplx_mag_f32.o)
 .ARM.attributes
                0x000000000000053b       0x32 C:/ST/STM32CubeIDE_1.13.2/STM32CubeIDE/plugins/com.st.stm32cube.ide.mcu.externaltools.gnu-tools-for-stm32.11.3.rel1.win32_1.1.1.202309131626/tools/bin/../lib/gcc/arm-none-eabi/11.3.1/../../../../arm-none-eabi/lib/thumb/v7e-m+dp/hard\libc_nano.a(libc_a-findfp.o)
 .ARM.attributes
                0x000000000000056d       0x32 C:/ST/STM32CubeIDE_1.13.2/STM32CubeIDE/plugins/com.st.stm32cube.ide.mcu.externaltools.gnu-tools-for-stm32.11.3.rel1.win32_1.1.1.202309131626/tools/bin/../lib/gcc/arm-none-eabi/11.3.1/../../../../arm-none-eabi/lib/thumb/v7e-m+dp/hard\libc_nano.a(libc_a-memset.o)
 .ARM.attributes
                0x000000000000059f       0x32 C:/ST/STM32CubeIDE_1.13.2/STM32CubeIDE/plugins/com.st.stm32cube.ide.mcu.externaltools.gnu-tools-for-stm32.11.3.rel1.win32_1.1.1.202309131626/tools/bin/../lib/gcc/arm-none-eabi/11.3.1/../../../../arm-none-eabi/lib/thumb/v7e-m+dp/hard\libc_nano.a(libc_a-impure.o)
 .ARM.attributes
                0x00000000000005d1       0x32 C:/ST/STM32CubeIDE_1.13.2/STM32CubeIDE/plugins/com.st.stm32cube.ide.mcu.externaltools.gnu-tools-for-stm32.11.3.rel1.win32_1.1.1.202309131626/tools/bin/../lib/gcc/arm-none-eabi/11.3.1/../../../../arm-none-eabi/lib/thumb/v7e-m+dp/hard\libc_nano.a(libc_a-errno.o)
 .ARM.attributes
                0x0000000000000603       0x32 C:/ST/STM32CubeIDE_1.13.2/STM32CubeIDE/plugins/com.st.stm32cube.ide.mcu.externaltools.gnu-tools-for-stm32.11.3.rel1.win32_1.1.1.202309131626/tools/bin/../lib/gcc/arm-none-eabi/11.3.1/../../../../arm-none-eabi/lib/thumb/v7e-m+dp/hard\libc_nano.a(libc_a-init.o)
 .ARM.attributes
                0x0000000000000635       0x32 C:/ST/STM32CubeIDE_1.13.2/STM32CubeIDE/plugins/com.st.stm32cube.ide.mcu.externaltools.gnu-tools-for-stm32.11.3.rel1.win32_1.1.1.202309131626/tools/bin/../lib/gcc/arm-none-eabi/11.3.1/../../../../arm-none-eabi/lib/thumb/v7e-m+dp/hard\libm.a(libm_a-wf_sqrt.o)
 .ARM.attributes
                0x0000000000000667       0x32 C:/ST/STM32CubeIDE_1.13.2/STM32CubeIDE/plugins/com.st.stm32cube.ide.mcu.externaltools.gnu-tools-for-stm32.11.3.rel1.win32_1.1.1.202309131626/tools/bin/../lib/gcc/arm-none-eabi/11.3.1/../../../../arm-none-eabi/lib/thumb/v7e-m+dp/hard\libm.a(libm_a-ef_sqrt.o)
 .ARM.attributes
                0x0000000000000699       0x1e C:/ST/STM32CubeIDE_1.13.2/STM32CubeIDE/plugins/com.st.stm32cube.ide.mcu.externaltools.gnu-tools-for-stm32.11.3.rel1.win32_1.1.1.202309131626/tools/bin/../lib/gcc/arm-none-eabi/11.3.1/thumb/v7e-m+dp/hard\libgcc.a(_aeabi_uldivmod.o)
 .ARM.attributes
                0x00000000000006b7       0x32 C:/ST/STM32CubeIDE_1.13.2/STM32CubeIDE/plugins/com.st.stm32cube.ide.mcu.externaltools.gnu-tools-for-stm32.11.3.rel1.win32_1.1.1.202309131626/tools/bin/../lib/gcc/arm-none-eabi/11.3.1/thumb/v7e-m+dp/hard\libgcc.a(_udivmoddi4.o)
 .ARM.attributes
                0x00000000000006e9       0x1e C:/ST/STM32CubeIDE_1.13.2/STM32CubeIDE/plugins/com.st.stm32cube.ide.mcu.externaltools.gnu-tools-for-stm32.11.3.rel1.win32_1.1.1.202309131626/tools/bin/../lib/gcc/arm-none-eabi/11.3.1/thumb/v7e-m+dp/hard\libgcc.a(_dvmd_tls.o)
 .ARM.attributes
                0x0000000000000707       0x1e C:/ST/STM32CubeIDE_1.13.2/STM32CubeIDE/plugins/com.st.stm32cube.ide.mcu.externaltools.gnu-tools-for-stm32.11.3.rel1.win32_1.1.1.202309131626/tools/bin/../lib/gcc/arm-none-eabi/11.3.1/thumb/v7e-m+dp/hard/crtn.o
OUTPUT(H7SDR.elf elf32-littlearm)
LOAD linker stubs
LOAD C:/ST/STM32CubeIDE_1.13.2/STM32CubeIDE/plugins/com.st.stm32cube.ide.mcu.externaltools.gnu-tools-for-stm32.11.3.rel1.win32_1.1.1.202309131626/tools/bin/../lib/gcc/arm-none-eabi/11.3.1/../../../../arm-none-eabi/lib/thumb/v7e-m+dp/hard\libc.a
LOAD C:/ST/STM32CubeIDE_1.13.2/STM32CubeIDE/plugins/com.st.stm32cube.ide.mcu.externaltools.gnu-tools-for-stm32.11.3.rel1.win32_1.1.1.202309131626/tools/bin/../lib/gcc/arm-none-eabi/11.3.1/../../../../arm-none-eabi/lib/thumb/v7e-m+dp/hard\libm.a
LOAD C:/ST/STM32CubeIDE_1.13.2/STM32CubeIDE/plugins/com.st.stm32cube.ide.mcu.externaltools.gnu-tools-for-stm32.11.3.rel1.win32_1.1.1.202309131626/tools/bin/../lib/gcc/arm-none-eabi/11.3.1/thumb/v7e-m+dp/hard\libgcc.a

.comment        0x0000000000000000       0xb8
 .comment       0x0000000000000000       0x43 C:/ST/STM32CubeIDE_1.13.2/STM32CubeIDE/plugins/com.st.stm32cube.ide.mcu.externaltools.gnu-tools-for-stm32.11.3.rel1.win32_1.1.1.202309131626/tools/bin/../lib/gcc/arm-none-eabi/11.3.1/thumb/v7e-m+dp/hard/crtbegin.o
                                         0x44 (size before relaxing)
 .comment       0x0000000000000043       0x44 ./Core/Src/main.o
 .comment       0x0000000000000043       0x44 ./Core/Src/stm32h7xx_hal_msp.o
 .comment       0x0000000000000043       0x44 ./Core/Src/stm32h7xx_it.o
 .comment       0x0000000000000043       0x44 ./Core/Src/system_stm32h7xx.o
 .comment       0x0000000000000043       0x44 ./Drivers/STM32H7xx_HAL_Driver/Src/stm32h7xx_hal.o
 .comment       0x0000000000000043       0x44 ./Drivers/STM32H7xx_HAL_Driver/Src/stm32h7xx_hal_adc.o
 .comment       0x0000000000000043       0x44 ./Drivers/STM32H7xx_HAL_Driver/Src/stm32h7xx_hal_adc_ex.o
 .comment       0x0000000000000043       0x44 ./Drivers/STM32H7xx_HAL_Driver/Src/stm32h7xx_hal_cortex.o
 .comment       0x0000000000000043       0x44 ./Drivers/STM32H7xx_HAL_Driver/Src/stm32h7xx_hal_dac.o
 .comment       0x0000000000000043       0x44 ./Drivers/STM32H7xx_HAL_Driver/Src/stm32h7xx_hal_dac_ex.o
 .comment       0x0000000000000043       0x44 ./Drivers/STM32H7xx_HAL_Driver/Src/stm32h7xx_hal_dfsdm.o
 .comment       0x0000000000000043       0x44 ./Drivers/STM32H7xx_HAL_Driver/Src/stm32h7xx_hal_dma.o
 .comment       0x0000000000000043       0x44 ./Drivers/STM32H7xx_HAL_Driver/Src/stm32h7xx_hal_gpio.o
 .comment       0x0000000000000043       0x44 ./Drivers/STM32H7xx_HAL_Driver/Src/stm32h7xx_hal_lptim.o
 .comment       0x0000000000000043       0x44 ./Drivers/STM32H7xx_HAL_Driver/Src/stm32h7xx_hal_pwr_ex.o
 .comment       0x0000000000000043       0x44 ./Drivers/STM32H7xx_HAL_Driver/Src/stm32h7xx_hal_rcc.o
 .comment       0x0000000000000043       0x44 ./Drivers/STM32H7xx_HAL_Driver/Src/stm32h7xx_hal_rcc_ex.o
 .comment       0x0000000000000043       0x44 ./Drivers/STM32H7xx_HAL_Driver/Src/stm32h7xx_hal_tim.o
 .comment       0x0000000000000043       0x44 ./Drivers/STM32H7xx_HAL_Driver/Src/stm32h7xx_hal_tim_ex.o
 .comment       0x0000000000000043       0x44 ./Drivers/STM32H7xx_HAL_Driver/Src/stm32h7xx_hal_uart.o
 .comment       0x0000000000000043       0x44 ./Drivers/STM32H7xx_HAL_Driver/Src/stm32h7xx_hal_uart_ex.o
 .comment       0x0000000000000043       0x75 C:\stm32cubeh7_v1-11-0\STM32Cube_FW_H7_V1.11.0\Drivers\CMSIS\DSP\Lib\GCC\libarm_cortexM7lfsp_math.a(arm_q31_to_float.o)
                                         0x76 (size before relaxing)
 .comment       0x00000000000000b8       0x76 C:\stm32cubeh7_v1-11-0\STM32Cube_FW_H7_V1.11.0\Drivers\CMSIS\DSP\Lib\GCC\libarm_cortexM7lfsp_math.a(arm_mean_f32.o)
 .comment       0x00000000000000b8       0x76 C:\stm32cubeh7_v1-11-0\STM32Cube_FW_H7_V1.11.0\Drivers\CMSIS\DSP\Lib\GCC\libarm_cortexM7lfsp_math.a(arm_fir_init_f32.o)
 .comment       0x00000000000000b8       0x76 C:\stm32cubeh7_v1-11-0\STM32Cube_FW_H7_V1.11.0\Drivers\CMSIS\DSP\Lib\GCC\libarm_cortexM7lfsp_math.a(arm_fir_f32.o)
 .comment       0x00000000000000b8       0x76 C:\stm32cubeh7_v1-11-0\STM32Cube_FW_H7_V1.11.0\Drivers\CMSIS\DSP\Lib\GCC\libarm_cortexM7lfsp_math.a(arm_cmplx_mag_f32.o)

.debug_info     0x0000000000000000    0x30e82
 .debug_info    0x0000000000000000     0x4875 ./Core/Src/main.o
 .debug_info    0x0000000000004875     0x2c64 ./Core/Src/stm32h7xx_hal_msp.o
 .debug_info    0x00000000000074d9      0x975 ./Core/Src/stm32h7xx_it.o
 .debug_info    0x0000000000007e4e      0xd1c ./Core/Src/system_stm32h7xx.o
 .debug_info    0x0000000000008b6a       0x23 ./Core/Startup/startup_stm32h743zitx.o
 .debug_info    0x0000000000008b8d     0x16ae ./Drivers/STM32H7xx_HAL_Driver/Src/stm32h7xx_hal.o
 .debug_info    0x000000000000a23b     0x306a ./Drivers/STM32H7xx_HAL_Driver/Src/stm32h7xx_hal_adc.o
 .debug_info    0x000000000000d2a5     0x32e6 ./Drivers/STM32H7xx_HAL_Driver/Src/stm32h7xx_hal_adc_ex.o
 .debug_info    0x000000000001058b     0x12a5 ./Drivers/STM32H7xx_HAL_Driver/Src/stm32h7xx_hal_cortex.o
 .debug_info    0x0000000000011830      0xd20 ./Drivers/STM32H7xx_HAL_Driver/Src/stm32h7xx_hal_dac.o
 .debug_info    0x0000000000012550      0xcbc ./Drivers/STM32H7xx_HAL_Driver/Src/stm32h7xx_hal_dac_ex.o
 .debug_info    0x000000000001320c     0x266d ./Drivers/STM32H7xx_HAL_Driver/Src/stm32h7xx_hal_dfsdm.o
 .debug_info    0x0000000000015879      0xf52 ./Drivers/STM32H7xx_HAL_Driver/Src/stm32h7xx_hal_dma.o
 .debug_info    0x00000000000167cb      0xc87 ./Drivers/STM32H7xx_HAL_Driver/Src/stm32h7xx_hal_gpio.o
 .debug_info    0x0000000000017452     0x1b3a ./Drivers/STM32H7xx_HAL_Driver/Src/stm32h7xx_hal_lptim.o
 .debug_info    0x0000000000018f8c     0x117d ./Drivers/STM32H7xx_HAL_Driver/Src/stm32h7xx_hal_pwr_ex.o
 .debug_info    0x000000000001a109     0x1367 ./Drivers/STM32H7xx_HAL_Driver/Src/stm32h7xx_hal_rcc.o
 .debug_info    0x000000000001b470     0x197b ./Drivers/STM32H7xx_HAL_Driver/Src/stm32h7xx_hal_rcc_ex.o
 .debug_info    0x000000000001cdeb     0x4f34 ./Drivers/STM32H7xx_HAL_Driver/Src/stm32h7xx_hal_tim.o
 .debug_info    0x0000000000021d1f     0x1f24 ./Drivers/STM32H7xx_HAL_Driver/Src/stm32h7xx_hal_tim_ex.o
 .debug_info    0x0000000000023c43     0x82e1 ./Drivers/STM32H7xx_HAL_Driver/Src/stm32h7xx_hal_uart.o
 .debug_info    0x000000000002bf24     0x13b7 ./Drivers/STM32H7xx_HAL_Driver/Src/stm32h7xx_hal_uart_ex.o
 .debug_info    0x000000000002d2db      0xb19 C:\stm32cubeh7_v1-11-0\STM32Cube_FW_H7_V1.11.0\Drivers\CMSIS\DSP\Lib\GCC\libarm_cortexM7lfsp_math.a(arm_q31_to_float.o)
 .debug_info    0x000000000002ddf4      0xae8 C:\stm32cubeh7_v1-11-0\STM32Cube_FW_H7_V1.11.0\Drivers\CMSIS\DSP\Lib\GCC\libarm_cortexM7lfsp_math.a(arm_mean_f32.o)
 .debug_info    0x000000000002e8dc      0xb85 C:\stm32cubeh7_v1-11-0\STM32Cube_FW_H7_V1.11.0\Drivers\CMSIS\DSP\Lib\GCC\libarm_cortexM7lfsp_math.a(arm_fir_init_f32.o)
 .debug_info    0x000000000002f461      0xd67 C:\stm32cubeh7_v1-11-0\STM32Cube_FW_H7_V1.11.0\Drivers\CMSIS\DSP\Lib\GCC\libarm_cortexM7lfsp_math.a(arm_fir_f32.o)
 .debug_info    0x00000000000301c8      0xcba C:\stm32cubeh7_v1-11-0\STM32Cube_FW_H7_V1.11.0\Drivers\CMSIS\DSP\Lib\GCC\libarm_cortexM7lfsp_math.a(arm_cmplx_mag_f32.o)

.debug_abbrev   0x0000000000000000     0x4d50
 .debug_abbrev  0x0000000000000000      0x47c ./Core/Src/main.o
 .debug_abbrev  0x000000000000047c      0x2ce ./Core/Src/stm32h7xx_hal_msp.o
 .debug_abbrev  0x000000000000074a      0x1d1 ./Core/Src/stm32h7xx_it.o
 .debug_abbrev  0x000000000000091b      0x152 ./Core/Src/system_stm32h7xx.o
 .debug_abbrev  0x0000000000000a6d       0x12 ./Core/Startup/startup_stm32h743zitx.o
 .debug_abbrev  0x0000000000000a7f      0x314 ./Drivers/STM32H7xx_HAL_Driver/Src/stm32h7xx_hal.o
 .debug_abbrev  0x0000000000000d93      0x353 ./Drivers/STM32H7xx_HAL_Driver/Src/stm32h7xx_hal_adc.o
 .debug_abbrev  0x00000000000010e6      0x3f5 ./Drivers/STM32H7xx_HAL_Driver/Src/stm32h7xx_hal_adc_ex.o
 .debug_abbrev  0x00000000000014db      0x393 ./Drivers/STM32H7xx_HAL_Driver/Src/stm32h7xx_hal_cortex.o
 .debug_abbrev  0x000000000000186e      0x261 ./Drivers/STM32H7xx_HAL_Driver/Src/stm32h7xx_hal_dac.o
 .debug_abbrev  0x0000000000001acf      0x287 ./Drivers/STM32H7xx_HAL_Driver/Src/stm32h7xx_hal_dac_ex.o
 .debug_abbrev  0x0000000000001d56      0x362 ./Drivers/STM32H7xx_HAL_Driver/Src/stm32h7xx_hal_dfsdm.o
 .debug_abbrev  0x00000000000020b8      0x34a ./Drivers/STM32H7xx_HAL_Driver/Src/stm32h7xx_hal_dma.o
 .debug_abbrev  0x0000000000002402      0x24e ./Drivers/STM32H7xx_HAL_Driver/Src/stm32h7xx_hal_gpio.o
 .debug_abbrev  0x0000000000002650      0x34b ./Drivers/STM32H7xx_HAL_Driver/Src/stm32h7xx_hal_lptim.o
 .debug_abbrev  0x000000000000299b      0x306 ./Drivers/STM32H7xx_HAL_Driver/Src/stm32h7xx_hal_pwr_ex.o
 .debug_abbrev  0x0000000000002ca1      0x32b ./Drivers/STM32H7xx_HAL_Driver/Src/stm32h7xx_hal_rcc.o
 .debug_abbrev  0x0000000000002fcc      0x341 ./Drivers/STM32H7xx_HAL_Driver/Src/stm32h7xx_hal_rcc_ex.o
 .debug_abbrev  0x000000000000330d      0x3a8 ./Drivers/STM32H7xx_HAL_Driver/Src/stm32h7xx_hal_tim.o
 .debug_abbrev  0x00000000000036b5      0x374 ./Drivers/STM32H7xx_HAL_Driver/Src/stm32h7xx_hal_tim_ex.o
 .debug_abbrev  0x0000000000003a29      0x4f3 ./Drivers/STM32H7xx_HAL_Driver/Src/stm32h7xx_hal_uart.o
 .debug_abbrev  0x0000000000003f1c      0x361 ./Drivers/STM32H7xx_HAL_Driver/Src/stm32h7xx_hal_uart_ex.o
 .debug_abbrev  0x000000000000427d      0x1ff C:\stm32cubeh7_v1-11-0\STM32Cube_FW_H7_V1.11.0\Drivers\CMSIS\DSP\Lib\GCC\libarm_cortexM7lfsp_math.a(arm_q31_to_float.o)
 .debug_abbrev  0x000000000000447c      0x210 C:\stm32cubeh7_v1-11-0\STM32Cube_FW_H7_V1.11.0\Drivers\CMSIS\DSP\Lib\GCC\libarm_cortexM7lfsp_math.a(arm_mean_f32.o)
 .debug_abbrev  0x000000000000468c      0x227 C:\stm32cubeh7_v1-11-0\STM32Cube_FW_H7_V1.11.0\Drivers\CMSIS\DSP\Lib\GCC\libarm_cortexM7lfsp_math.a(arm_fir_init_f32.o)
 .debug_abbrev  0x00000000000048b3      0x215 C:\stm32cubeh7_v1-11-0\STM32Cube_FW_H7_V1.11.0\Drivers\CMSIS\DSP\Lib\GCC\libarm_cortexM7lfsp_math.a(arm_fir_f32.o)
 .debug_abbrev  0x0000000000004ac8      0x288 C:\stm32cubeh7_v1-11-0\STM32Cube_FW_H7_V1.11.0\Drivers\CMSIS\DSP\Lib\GCC\libarm_cortexM7lfsp_math.a(arm_cmplx_mag_f32.o)

.debug_loclists
                0x0000000000000000    0x155d2
 .debug_loclists
                0x0000000000000000      0x1c5 ./Core/Src/main.o
 .debug_loclists
                0x00000000000001c5      0x11d ./Core/Src/stm32h7xx_hal_msp.o
 .debug_loclists
                0x00000000000002e2      0x10c ./Core/Src/system_stm32h7xx.o
 .debug_loclists
                0x00000000000003ee      0x3a8 ./Drivers/STM32H7xx_HAL_Driver/Src/stm32h7xx_hal.o
 .debug_loclists
                0x0000000000000796     0x177d ./Drivers/STM32H7xx_HAL_Driver/Src/stm32h7xx_hal_adc.o
 .debug_loclists
                0x0000000000001f13     0x1b54 ./Drivers/STM32H7xx_HAL_Driver/Src/stm32h7xx_hal_adc_ex.o
 .debug_loclists
                0x0000000000003a67      0x4c3 ./Drivers/STM32H7xx_HAL_Driver/Src/stm32h7xx_hal_cortex.o
 .debug_loclists
                0x0000000000003f2a      0x61e ./Drivers/STM32H7xx_HAL_Driver/Src/stm32h7xx_hal_dac.o
 .debug_loclists
                0x0000000000004548      0x611 ./Drivers/STM32H7xx_HAL_Driver/Src/stm32h7xx_hal_dac_ex.o
 .debug_loclists
                0x0000000000004b59     0x1e6b ./Drivers/STM32H7xx_HAL_Driver/Src/stm32h7xx_hal_dfsdm.o
 .debug_loclists
                0x00000000000069c4      0xbf7 ./Drivers/STM32H7xx_HAL_Driver/Src/stm32h7xx_hal_dma.o
 .debug_loclists
                0x00000000000075bb      0x2b2 ./Drivers/STM32H7xx_HAL_Driver/Src/stm32h7xx_hal_gpio.o
 .debug_loclists
                0x000000000000786d      0xfeb ./Drivers/STM32H7xx_HAL_Driver/Src/stm32h7xx_hal_lptim.o
 .debug_loclists
                0x0000000000008858      0x32d ./Drivers/STM32H7xx_HAL_Driver/Src/stm32h7xx_hal_pwr_ex.o
 .debug_loclists
                0x0000000000008b85      0x6ef ./Drivers/STM32H7xx_HAL_Driver/Src/stm32h7xx_hal_rcc.o
 .debug_loclists
                0x0000000000009274      0xde1 ./Drivers/STM32H7xx_HAL_Driver/Src/stm32h7xx_hal_rcc_ex.o
 .debug_loclists
                0x000000000000a055     0x4bf8 ./Drivers/STM32H7xx_HAL_Driver/Src/stm32h7xx_hal_tim.o
 .debug_loclists
                0x000000000000ec4d     0x13a7 ./Drivers/STM32H7xx_HAL_Driver/Src/stm32h7xx_hal_tim_ex.o
 .debug_loclists
                0x000000000000fff4     0x4ca9 ./Drivers/STM32H7xx_HAL_Driver/Src/stm32h7xx_hal_uart.o
 .debug_loclists
                0x0000000000014c9d      0x935 ./Drivers/STM32H7xx_HAL_Driver/Src/stm32h7xx_hal_uart_ex.o

.debug_aranges  0x0000000000000000     0x1440
 .debug_aranges
                0x0000000000000000       0xa0 ./Core/Src/main.o
 .debug_aranges
                0x00000000000000a0       0x90 ./Core/Src/stm32h7xx_hal_msp.o
 .debug_aranges
                0x0000000000000130       0x90 ./Core/Src/stm32h7xx_it.o
 .debug_aranges
                0x00000000000001c0       0x28 ./Core/Src/system_stm32h7xx.o
 .debug_aranges
                0x00000000000001e8       0x28 ./Core/Startup/startup_stm32h743zitx.o
 .debug_aranges
                0x0000000000000210      0x190 ./Drivers/STM32H7xx_HAL_Driver/Src/stm32h7xx_hal.o
 .debug_aranges
                0x00000000000003a0       0xd8 ./Drivers/STM32H7xx_HAL_Driver/Src/stm32h7xx_hal_adc.o
 .debug_aranges
                0x0000000000000478       0xe8 ./Drivers/STM32H7xx_HAL_Driver/Src/stm32h7xx_hal_adc_ex.o
 .debug_aranges
                0x0000000000000560       0xb0 ./Drivers/STM32H7xx_HAL_Driver/Src/stm32h7xx_hal_cortex.o
 .debug_aranges
                0x0000000000000610       0x98 ./Drivers/STM32H7xx_HAL_Driver/Src/stm32h7xx_hal_dac.o
 .debug_aranges
                0x00000000000006a8       0x90 ./Drivers/STM32H7xx_HAL_Driver/Src/stm32h7xx_hal_dac_ex.o
 .debug_aranges
                0x0000000000000738      0x1d0 ./Drivers/STM32H7xx_HAL_Driver/Src/stm32h7xx_hal_dfsdm.o
 .debug_aranges
                0x0000000000000908       0x88 ./Drivers/STM32H7xx_HAL_Driver/Src/stm32h7xx_hal_dma.o
 .debug_aranges
                0x0000000000000990       0x58 ./Drivers/STM32H7xx_HAL_Driver/Src/stm32h7xx_hal_gpio.o
 .debug_aranges
                0x00000000000009e8       0xf8 ./Drivers/STM32H7xx_HAL_Driver/Src/stm32h7xx_hal_lptim.o
 .debug_aranges
                0x0000000000000ae0      0x128 ./Drivers/STM32H7xx_HAL_Driver/Src/stm32h7xx_hal_pwr_ex.o
 .debug_aranges
                0x0000000000000c08       0x90 ./Drivers/STM32H7xx_HAL_Driver/Src/stm32h7xx_hal_rcc.o
 .debug_aranges
                0x0000000000000c98       0xe0 ./Drivers/STM32H7xx_HAL_Driver/Src/stm32h7xx_hal_rcc_ex.o
 .debug_aranges
                0x0000000000000d78      0x288 ./Drivers/STM32H7xx_HAL_Driver/Src/stm32h7xx_hal_tim.o
 .debug_aranges
                0x0000000000001000      0x128 ./Drivers/STM32H7xx_HAL_Driver/Src/stm32h7xx_hal_tim_ex.o
 .debug_aranges
                0x0000000000001128      0x1f0 ./Drivers/STM32H7xx_HAL_Driver/Src/stm32h7xx_hal_uart.o
 .debug_aranges
                0x0000000000001318       0x88 ./Drivers/STM32H7xx_HAL_Driver/Src/stm32h7xx_hal_uart_ex.o
 .debug_aranges
                0x00000000000013a0       0x20 C:\stm32cubeh7_v1-11-0\STM32Cube_FW_H7_V1.11.0\Drivers\CMSIS\DSP\Lib\GCC\libarm_cortexM7lfsp_math.a(arm_q31_to_float.o)
 .debug_aranges
                0x00000000000013c0       0x20 C:\stm32cubeh7_v1-11-0\STM32Cube_FW_H7_V1.11.0\Drivers\CMSIS\DSP\Lib\GCC\libarm_cortexM7lfsp_math.a(arm_mean_f32.o)
 .debug_aranges
                0x00000000000013e0       0x20 C:\stm32cubeh7_v1-11-0\STM32Cube_FW_H7_V1.11.0\Drivers\CMSIS\DSP\Lib\GCC\libarm_cortexM7lfsp_math.a(arm_fir_init_f32.o)
 .debug_aranges
                0x0000000000001400       0x20 C:\stm32cubeh7_v1-11-0\STM32Cube_FW_H7_V1.11.0\Drivers\CMSIS\DSP\Lib\GCC\libarm_cortexM7lfsp_math.a(arm_fir_f32.o)
 .debug_aranges
                0x0000000000001420       0x20 C:\stm32cubeh7_v1-11-0\STM32Cube_FW_H7_V1.11.0\Drivers\CMSIS\DSP\Lib\GCC\libarm_cortexM7lfsp_math.a(arm_cmplx_mag_f32.o)

.debug_rnglists
                0x0000000000000000     0x2783
 .debug_rnglists
                0x0000000000000000      0x103 ./Core/Src/main.o
 .debug_rnglists
                0x0000000000000103       0xf5 ./Core/Src/stm32h7xx_hal_msp.o
 .debug_rnglists
                0x00000000000001f8       0x67 ./Core/Src/stm32h7xx_it.o
 .debug_rnglists
                0x000000000000025f       0x1b ./Core/Src/system_stm32h7xx.o
 .debug_rnglists
                0x000000000000027a       0x19 ./Core/Startup/startup_stm32h743zitx.o
 .debug_rnglists
                0x0000000000000293      0x129 ./Drivers/STM32H7xx_HAL_Driver/Src/stm32h7xx_hal.o
 .debug_rnglists
                0x00000000000003bc      0x459 ./Drivers/STM32H7xx_HAL_Driver/Src/stm32h7xx_hal_adc.o
 .debug_rnglists
                0x0000000000000815      0x3ae ./Drivers/STM32H7xx_HAL_Driver/Src/stm32h7xx_hal_adc_ex.o
 .debug_rnglists
                0x0000000000000bc3       0xd6 ./Drivers/STM32H7xx_HAL_Driver/Src/stm32h7xx_hal_cortex.o
 .debug_rnglists
                0x0000000000000c99       0x6f ./Drivers/STM32H7xx_HAL_Driver/Src/stm32h7xx_hal_dac.o
 .debug_rnglists
                0x0000000000000d08       0x69 ./Drivers/STM32H7xx_HAL_Driver/Src/stm32h7xx_hal_dac_ex.o
 .debug_rnglists
                0x0000000000000d71      0x423 ./Drivers/STM32H7xx_HAL_Driver/Src/stm32h7xx_hal_dfsdm.o
 .debug_rnglists
                0x0000000000001194       0xcb ./Drivers/STM32H7xx_HAL_Driver/Src/stm32h7xx_hal_dma.o
 .debug_rnglists
                0x000000000000125f       0x54 ./Drivers/STM32H7xx_HAL_Driver/Src/stm32h7xx_hal_gpio.o
 .debug_rnglists
                0x00000000000012b3      0x23d ./Drivers/STM32H7xx_HAL_Driver/Src/stm32h7xx_hal_lptim.o
 .debug_rnglists
                0x00000000000014f0      0x125 ./Drivers/STM32H7xx_HAL_Driver/Src/stm32h7xx_hal_pwr_ex.o
 .debug_rnglists
                0x0000000000001615      0x15a ./Drivers/STM32H7xx_HAL_Driver/Src/stm32h7xx_hal_rcc.o
 .debug_rnglists
                0x000000000000176f       0xca ./Drivers/STM32H7xx_HAL_Driver/Src/stm32h7xx_hal_rcc_ex.o
 .debug_rnglists
                0x0000000000001839      0x62b ./Drivers/STM32H7xx_HAL_Driver/Src/stm32h7xx_hal_tim.o
 .debug_rnglists
                0x0000000000001e64      0x1b4 ./Drivers/STM32H7xx_HAL_Driver/Src/stm32h7xx_hal_tim_ex.o
 .debug_rnglists
                0x0000000000002018      0x6d2 ./Drivers/STM32H7xx_HAL_Driver/Src/stm32h7xx_hal_uart.o
 .debug_rnglists
                0x00000000000026ea       0x99 ./Drivers/STM32H7xx_HAL_Driver/Src/stm32h7xx_hal_uart_ex.o

.debug_macro    0x0000000000000000    0x38a8a
 .debug_macro   0x0000000000000000      0x43a ./Core/Src/main.o
 .debug_macro   0x000000000000043a      0x250 ./Core/Src/main.o
 .debug_macro   0x000000000000068a       0x2e ./Core/Src/main.o
 .debug_macro   0x00000000000006b8       0x3b ./Core/Src/main.o
 .debug_macro   0x00000000000006f3       0x1c ./Core/Src/main.o
 .debug_macro   0x000000000000070f       0x22 ./Core/Src/main.o
 .debug_macro   0x0000000000000731     0x1305 ./Core/Src/main.o
 .debug_macro   0x0000000000001a36      0x11f ./Core/Src/main.o
 .debug_macro   0x0000000000001b55       0x27 ./Core/Src/main.o
 .debug_macro   0x0000000000001b7c    0x25882 ./Core/Src/main.o
 .debug_macro   0x00000000000273fe       0x6d ./Core/Src/main.o
 .debug_macro   0x000000000002746b     0x3d5d ./Core/Src/main.o
 .debug_macro   0x000000000002b1c8       0x5d ./Core/Src/main.o
 .debug_macro   0x000000000002b225     0x2382 ./Core/Src/main.o
 .debug_macro   0x000000000002d5a7     0x102c ./Core/Src/main.o
 .debug_macro   0x000000000002e5d3      0x154 ./Core/Src/main.o
 .debug_macro   0x000000000002e727      0x114 ./Core/Src/main.o
 .debug_macro   0x000000000002e83b      0x3b2 ./Core/Src/main.o
 .debug_macro   0x000000000002ebed       0xac ./Core/Src/main.o
 .debug_macro   0x000000000002ec99      0x72d ./Core/Src/main.o
 .debug_macro   0x000000000002f3c6      0x228 ./Core/Src/main.o
 .debug_macro   0x000000000002f5ee       0x66 ./Core/Src/main.o
 .debug_macro   0x000000000002f654      0x3bb ./Core/Src/main.o
 .debug_macro   0x000000000002fa0f      0x2c6 ./Core/Src/main.o
 .debug_macro   0x000000000002fcd5      0x3e4 ./Core/Src/main.o
 .debug_macro   0x00000000000300b9      0x275 ./Core/Src/main.o
 .debug_macro   0x000000000003032e     0x1044 ./Core/Src/main.o
 .debug_macro   0x0000000000031372      0x6cc ./Core/Src/main.o
 .debug_macro   0x0000000000031a3e      0x36e ./Core/Src/main.o
 .debug_macro   0x0000000000031dac      0x184 ./Core/Src/main.o
 .debug_macro   0x0000000000031f30       0xd8 ./Core/Src/main.o
 .debug_macro   0x0000000000032008      0x3ca ./Core/Src/main.o
 .debug_macro   0x00000000000323d2      0x408 ./Core/Src/main.o
 .debug_macro   0x00000000000327da       0x51 ./Core/Src/main.o
 .debug_macro   0x000000000003282b       0x4a ./Core/Src/main.o
 .debug_macro   0x0000000000032875      0x22c ./Core/Src/main.o
 .debug_macro   0x0000000000032aa1       0x67 ./Core/Src/main.o
 .debug_macro   0x0000000000032b08       0xa5 ./Core/Src/main.o
 .debug_macro   0x0000000000032bad      0x295 ./Core/Src/main.o
 .debug_macro   0x0000000000032e42      0x1c4 ./Core/Src/main.o
 .debug_macro   0x0000000000033006      0x25e ./Core/Src/main.o
 .debug_macro   0x0000000000033264       0x35 ./Core/Src/main.o
 .debug_macro   0x0000000000033299      0xaf3 ./Core/Src/main.o
 .debug_macro   0x0000000000033d8c      0x29f ./Core/Src/main.o
 .debug_macro   0x000000000003402b      0x693 ./Core/Src/main.o
 .debug_macro   0x00000000000346be       0xa6 ./Core/Src/main.o
 .debug_macro   0x0000000000034764      0x5a0 ./Core/Src/main.o
 .debug_macro   0x0000000000034d04       0x70 ./Core/Src/main.o
 .debug_macro   0x0000000000034d74      0x306 ./Core/Src/stm32h7xx_hal_msp.o
 .debug_macro   0x000000000003507a      0x310 ./Core/Src/stm32h7xx_it.o
 .debug_macro   0x000000000003538a      0x2fd ./Core/Src/system_stm32h7xx.o
 .debug_macro   0x0000000000035687      0x321 ./Drivers/STM32H7xx_HAL_Driver/Src/stm32h7xx_hal.o
 .debug_macro   0x00000000000359a8      0x31b ./Drivers/STM32H7xx_HAL_Driver/Src/stm32h7xx_hal_adc.o
 .debug_macro   0x0000000000035cc3      0x303 ./Drivers/STM32H7xx_HAL_Driver/Src/stm32h7xx_hal_adc_ex.o
 .debug_macro   0x0000000000035fc6      0x2f7 ./Drivers/STM32H7xx_HAL_Driver/Src/stm32h7xx_hal_cortex.o
 .debug_macro   0x00000000000362bd      0x2ff ./Drivers/STM32H7xx_HAL_Driver/Src/stm32h7xx_hal_dac.o
 .debug_macro   0x00000000000365bc      0x2f7 ./Drivers/STM32H7xx_HAL_Driver/Src/stm32h7xx_hal_dac_ex.o
 .debug_macro   0x00000000000368b3      0x31b ./Drivers/STM32H7xx_HAL_Driver/Src/stm32h7xx_hal_dfsdm.o
 .debug_macro   0x0000000000036bce      0x34b ./Drivers/STM32H7xx_HAL_Driver/Src/stm32h7xx_hal_dma.o
 .debug_macro   0x0000000000036f19      0x2fe ./Drivers/STM32H7xx_HAL_Driver/Src/stm32h7xx_hal_gpio.o
 .debug_macro   0x0000000000037217      0x2ff ./Drivers/STM32H7xx_HAL_Driver/Src/stm32h7xx_hal_lptim.o
 .debug_macro   0x0000000000037516      0x330 ./Drivers/STM32H7xx_HAL_Driver/Src/stm32h7xx_hal_pwr_ex.o
 .debug_macro   0x0000000000037846      0x31b ./Drivers/STM32H7xx_HAL_Driver/Src/stm32h7xx_hal_rcc.o
 .debug_macro   0x0000000000037b61      0x315 ./Drivers/STM32H7xx_HAL_Driver/Src/stm32h7xx_hal_rcc_ex.o
 .debug_macro   0x0000000000037e76      0x2f8 ./Drivers/STM32H7xx_HAL_Driver/Src/stm32h7xx_hal_tim.o
 .debug_macro   0x000000000003816e      0x2f7 ./Drivers/STM32H7xx_HAL_Driver/Src/stm32h7xx_hal_tim_ex.o
 .debug_macro   0x0000000000038465      0x322 ./Drivers/STM32H7xx_HAL_Driver/Src/stm32h7xx_hal_uart.o
 .debug_macro   0x0000000000038787      0x303 ./Drivers/STM32H7xx_HAL_Driver/Src/stm32h7xx_hal_uart_ex.o

.debug_line     0x0000000000000000    0x2fdf9
 .debug_line    0x0000000000000000     0x1b4e ./Core/Src/main.o
 .debug_line    0x0000000000001b4e     0x1163 ./Core/Src/stm32h7xx_hal_msp.o
 .debug_line    0x0000000000002cb1      0xb10 ./Core/Src/stm32h7xx_it.o
 .debug_line    0x00000000000037c1      0xc13 ./Core/Src/system_stm32h7xx.o
 .debug_line    0x00000000000043d4       0x7a ./Core/Startup/startup_stm32h743zitx.o
 .debug_line    0x000000000000444e     0x1124 ./Drivers/STM32H7xx_HAL_Driver/Src/stm32h7xx_hal.o
 .debug_line    0x0000000000005572     0x33d2 ./Drivers/STM32H7xx_HAL_Driver/Src/stm32h7xx_hal_adc.o
 .debug_line    0x0000000000008944     0x3293 ./Drivers/STM32H7xx_HAL_Driver/Src/stm32h7xx_hal_adc_ex.o
 .debug_line    0x000000000000bbd7      0xfc1 ./Drivers/STM32H7xx_HAL_Driver/Src/stm32h7xx_hal_cortex.o
 .debug_line    0x000000000000cb98     0x11fd ./Drivers/STM32H7xx_HAL_Driver/Src/stm32h7xx_hal_dac.o
 .debug_line    0x000000000000dd95     0x11f5 ./Drivers/STM32H7xx_HAL_Driver/Src/stm32h7xx_hal_dac_ex.o
 .debug_line    0x000000000000ef8a     0x314a ./Drivers/STM32H7xx_HAL_Driver/Src/stm32h7xx_hal_dfsdm.o
 .debug_line    0x00000000000120d4     0x23c4 ./Drivers/STM32H7xx_HAL_Driver/Src/stm32h7xx_hal_dma.o
 .debug_line    0x0000000000014498      0xf7a ./Drivers/STM32H7xx_HAL_Driver/Src/stm32h7xx_hal_gpio.o
 .debug_line    0x0000000000015412     0x2079 ./Drivers/STM32H7xx_HAL_Driver/Src/stm32h7xx_hal_lptim.o
 .debug_line    0x000000000001748b     0x1256 ./Drivers/STM32H7xx_HAL_Driver/Src/stm32h7xx_hal_pwr_ex.o
 .debug_line    0x00000000000186e1     0x1da5 ./Drivers/STM32H7xx_HAL_Driver/Src/stm32h7xx_hal_rcc.o
 .debug_line    0x000000000001a486     0x2506 ./Drivers/STM32H7xx_HAL_Driver/Src/stm32h7xx_hal_rcc_ex.o
 .debug_line    0x000000000001c98c     0x6dcc ./Drivers/STM32H7xx_HAL_Driver/Src/stm32h7xx_hal_tim.o
 .debug_line    0x0000000000023758     0x25fa ./Drivers/STM32H7xx_HAL_Driver/Src/stm32h7xx_hal_tim_ex.o
 .debug_line    0x0000000000025d52     0x7454 ./Drivers/STM32H7xx_HAL_Driver/Src/stm32h7xx_hal_uart.o
 .debug_line    0x000000000002d1a6     0x15f2 ./Drivers/STM32H7xx_HAL_Driver/Src/stm32h7xx_hal_uart_ex.o
 .debug_line    0x000000000002e798      0x303 C:\stm32cubeh7_v1-11-0\STM32Cube_FW_H7_V1.11.0\Drivers\CMSIS\DSP\Lib\GCC\libarm_cortexM7lfsp_math.a(arm_q31_to_float.o)
 .debug_line    0x000000000002ea9b      0x2e4 C:\stm32cubeh7_v1-11-0\STM32Cube_FW_H7_V1.11.0\Drivers\CMSIS\DSP\Lib\GCC\libarm_cortexM7lfsp_math.a(arm_mean_f32.o)
 .debug_line    0x000000000002ed7f      0x282 C:\stm32cubeh7_v1-11-0\STM32Cube_FW_H7_V1.11.0\Drivers\CMSIS\DSP\Lib\GCC\libarm_cortexM7lfsp_math.a(arm_fir_init_f32.o)