../Core/Src/main.c:382:6:SystemClock_Config	136	static
../Core/Src/main.c:440:6:PeriphCommonClock_Config	200	static
../Core/Src/main.c:943:6:feedDFSDMinput	20	static
../Core/Src/main.c:965:6:feedSecondFilter	8	static
../Core/Src/main.c:975:6:feedDACBuf	64	static
../Core/Src/main.c:215:5:main	112	static,ignoring_inline_asm
../Core/Src/main.c:1021:6:HAL_ADC_ConvHalfCpltCallback	0	static
../Core/Src/main.c:1026:6:HAL_ADC_ConvCpltCallback	0	static
../Core/Src/main.c:1031:6:HAL_ADC_ErrorCallback	0	static
../Core/Src/main.c:1039:6:HAL_DAC_ConvHalfCpltCallbackCh1	0	static
../Core/Src/main.c:1044:6:HAL_DAC_ConvCpltCallbackCh1	0	static
../Core/Src/main.c:1050:6:HAL_DFSDM_FilterRegConvHalfCpltCallback	0	static
../Core/Src/main.c:1071:6:HAL_DFSDM_FilterRegConvCpltCallback	0	static
../Core/Src/main.c:1094:6:HAL_UART_TxHalfCpltCallback	0	static
../Core/Src/main.c:1101:6:HAL_UART_TxCpltCallback	0	static
../Core/Src/main.c:1108:6:delay_ns	4	static
../Core/Src/main.c:1120:6:Error_Handler	0	static
