../Core/Src/stm32h7xx_hal_msp.c:78:6:HAL_MspInit	8	static
../Core/Src/stm32h7xx_hal_msp.c:99:6:HAL_ADC_MspInit	48	static
../Core/Src/stm32h7xx_hal_msp.c:151:6:HAL_ADC_MspDeInit	8	static
../Core/Src/stm32h7xx_hal_msp.c:181:6:HAL_DAC_MspInit	48	static
../Core/Src/stm32h7xx_hal_msp.c:233:6:HAL_DAC_MspDeInit	8	static
../Core/Src/stm32h7xx_hal_msp.c:266:6:HAL_DFSDM_FilterMspInit	216	static
../Core/Src/stm32h7xx_hal_msp.c:396:6:HAL_DFSDM_ChannelMspInit	208	static
../Core/Src/stm32h7xx_hal_msp.c:433:6:HAL_DFSDM_FilterMspDeInit	8	static
../Core/Src/stm32h7xx_hal_msp.c:460:6:HAL_DFSDM_ChannelMspDeInit	0	static
../Core/Src/stm32h7xx_hal_msp.c:483:6:HAL_LPTIM_MspInit	40	static
../Core/Src/stm32h7xx_hal_msp.c:518:6:HAL_LPTIM_MspDeInit	0	static
../Core/Src/stm32h7xx_hal_msp.c:546:6:HAL_TIM_Base_MspInit	8	static
../Core/Src/stm32h7xx_hal_msp.c:568:6:HAL_TIM_Base_MspDeInit	0	static
../Core/Src/stm32h7xx_hal_msp.c:590:6:HAL_UART_MspInit	240	static
../Core/Src/stm32h7xx_hal_msp.c:659:6:HAL_UART_MspDeInit	8	static
